Dec 06 11:42:19 henrikpc kernel: Linux version 6.16.8-200.fc42.x86_64 (mockbuild@1b8d6d49127b4222833704415d76d564) (gcc (GCC) 15.2.1 20250808 (Red Hat 15.2.1-1), GNU ld version 2.44-6.fc42) #1 SMP PREEMPT_DYNAMIC Fri Sep 19 17:47:18 UTC 2025
Dec 06 11:42:19 henrikpc kernel: Command line: BOOT_IMAGE=(hd0,gpt2)/vmlinuz-6.16.8-200.fc42.x86_64 root=UUID=6dcb36cb-b19c-411d-b7d1-156391ddb9f3 ro rootflags=subvol=root rhgb quiet i915.enable_psr=0
Dec 06 11:42:19 henrikpc kernel: x86/split lock detection: #AC: crashing the kernel on kernel split_locks and warning on user-space split_locks
Dec 06 11:42:19 henrikpc kernel: BIOS-provided physical RAM map:
Dec 06 11:42:19 henrikpc kernel: BIOS-e820: [mem 0x0000000000000000-0x000000000009ffff] usable
Dec 06 11:42:19 henrikpc kernel: BIOS-e820: [mem 0x00000000000a0000-0x00000000000fffff] reserved
Dec 06 11:42:19 henrikpc kernel: BIOS-e820: [mem 0x0000000000100000-0x000000003e52efff] usable
Dec 06 11:42:19 henrikpc kernel: BIOS-e820: [mem 0x000000003e52f000-0x000000003fa2efff] ACPI NVS
Dec 06 11:42:19 henrikpc kernel: BIOS-e820: [mem 0x000000003fa2f000-0x000000003fafefff] ACPI data
Dec 06 11:42:19 henrikpc kernel: BIOS-e820: [mem 0x000000003faff000-0x00000000424fefff] reserved
Dec 06 11:42:19 henrikpc kernel: BIOS-e820: [mem 0x00000000424ff000-0x00000000744fefff] usable
Dec 06 11:42:19 henrikpc kernel: BIOS-e820: [mem 0x00000000744ff000-0x0000000077ffefff] reserved
Dec 06 11:42:19 henrikpc kernel: BIOS-e820: [mem 0x0000000077fff000-0x0000000077ffffff] usable
Dec 06 11:42:19 henrikpc kernel: BIOS-e820: [mem 0x0000000078000000-0x00000000887fffff] reserved
Dec 06 11:42:19 henrikpc kernel: BIOS-e820: [mem 0x00000000c0000000-0x00000000cfffffff] reserved
Dec 06 11:42:19 henrikpc kernel: BIOS-e820: [mem 0x00000000fed20000-0x00000000fed7ffff] reserved
Dec 06 11:42:19 henrikpc kernel: BIOS-e820: [mem 0x0000000100000000-0x000000046fffffff] usable
Dec 06 11:42:19 henrikpc kernel: NX (Execute Disable) protection: active
Dec 06 11:42:19 henrikpc kernel: APIC: Static calls initialized
Dec 06 11:42:19 henrikpc kernel: efi: EFI v2.7 by Lenovo
Dec 06 11:42:19 henrikpc kernel: efi: ACPI=0x3fafe000 ACPI 2.0=0x3fafe014 SMBIOS=0x42208000 SMBIOS 3.0=0x421fb000 TPMFinalLog=0x3f9ff000 MEMATTR=0x6efe4018 ESRT=0x6effad18 MOKvar=0x421fe000 RNG=0x3fafc018 TPMEventLog=0x3faef018 
Dec 06 11:42:19 henrikpc kernel: random: crng init done
Dec 06 11:42:19 henrikpc kernel: efi: Remove mem81: MMIO range=[0xc0000000-0xcfffffff] (256MB) from e820 map
Dec 06 11:42:19 henrikpc kernel: e820: remove [mem 0xc0000000-0xcfffffff] reserved
Dec 06 11:42:19 henrikpc kernel: secureboot: Secure boot disabled
Dec 06 11:42:19 henrikpc kernel: SMBIOS 3.6.0 present.
Dec 06 11:42:19 henrikpc kernel: DMI: LENOVO 21LU0013MX/21LU0013MX, BIOS N45ET24W (1.14 ) 04/21/2025
Dec 06 11:42:19 henrikpc kernel: DMI: Memory slots populated: 8/8
Dec 06 11:42:19 henrikpc kernel: tsc: Detected 2700.000 MHz processor
Dec 06 11:42:19 henrikpc kernel: tsc: Detected 2688.000 MHz TSC
Dec 06 11:42:19 henrikpc kernel: e820: update [mem 0x00000000-0x00000fff] usable ==> reserved
Dec 06 11:42:19 henrikpc kernel: e820: remove [mem 0x000a0000-0x000fffff] usable
Dec 06 11:42:19 henrikpc kernel: last_pfn = 0x470000 max_arch_pfn = 0x400000000
Dec 06 11:42:19 henrikpc kernel: MTRR map: 8 entries (3 fixed + 5 variable; max 23), built from 10 variable MTRRs
Dec 06 11:42:19 henrikpc kernel: x86/PAT: Configuration [0-7]: WB  WC  UC- UC  WB  WP  UC- WT  
Dec 06 11:42:19 henrikpc kernel: x2apic: enabled by BIOS, switching to x2apic ops
Dec 06 11:42:19 henrikpc kernel: last_pfn = 0x78000 max_arch_pfn = 0x400000000
Dec 06 11:42:19 henrikpc kernel: esrt: Reserving ESRT space from 0x000000006effad18 to 0x000000006effaf08.
Dec 06 11:42:19 henrikpc kernel: e820: update [mem 0x6effa000-0x6effafff] usable ==> reserved
Dec 06 11:42:19 henrikpc kernel: Using GB pages for direct mapping
Dec 06 11:42:19 henrikpc kernel: secureboot: Secure boot disabled
Dec 06 11:42:19 henrikpc kernel: RAMDISK: [mem 0x3068a000-0x33171fff]
Dec 06 11:42:19 henrikpc kernel: ACPI: Early table checksum verification disabled
Dec 06 11:42:19 henrikpc kernel: ACPI: RSDP 0x000000003FAFE014 000024 (v02 LENOVO)
Dec 06 11:42:19 henrikpc kernel: ACPI: XSDT 0x000000003FAFD228 00017C (v01 LENOVO TP-N45   00001140 PTEC 00000002)
Dec 06 11:42:19 henrikpc kernel: ACPI: FACP 0x000000004213A000 000114 (v06 LENOVO TP-N45   00001140 PTEC 00000002)
Dec 06 11:42:19 henrikpc kernel: ACPI: DSDT 0x00000000420D5000 0618E2 (v02 LENOVO ICL      00000002      01000013)
Dec 06 11:42:19 henrikpc kernel: ACPI: FACS 0x000000003F9E5000 000040
Dec 06 11:42:19 henrikpc kernel: ACPI: SSDT 0x000000004221B000 00038C (v02 LENOVO Pmax_Dev 00000001 INTL 20210930)
Dec 06 11:42:19 henrikpc kernel: ACPI: SSDT 0x000000004221A000 000626 (v02 LENOVO Cpu0Ist  00003000 INTL 20210930)
Dec 06 11:42:19 henrikpc kernel: ACPI: SSDT 0x0000000042219000 0005E7 (v02 LENOVO Cpu0Hwp  00003000 INTL 20210930)
Dec 06 11:42:19 henrikpc kernel: ACPI: SSDT 0x0000000042218000 0001AB (v02 LENOVO Cpu0Psd  00003000 INTL 20210930)
Dec 06 11:42:19 henrikpc kernel: ACPI: SSDT 0x0000000042217000 000394 (v02 LENOVO Cpu0Cst  00003001 INTL 20210930)
Dec 06 11:42:19 henrikpc kernel: ACPI: SSDT 0x0000000042215000 001BAF (v02 LENOVO ApIst    00003000 INTL 20210930)
Dec 06 11:42:19 henrikpc kernel: ACPI: SSDT 0x0000000042213000 001620 (v02 LENOVO ApHwp    00003000 INTL 20210930)
Dec 06 11:42:19 henrikpc kernel: ACPI: SSDT 0x0000000042211000 001349 (v02 LENOVO ApPsd    00003000 INTL 20210930)
Dec 06 11:42:19 henrikpc kernel: ACPI: SSDT 0x0000000042210000 000FBB (v02 LENOVO ApCst    00003000 INTL 20210930)
Dec 06 11:42:19 henrikpc kernel: ACPI: SSDT 0x000000004220C000 003BC8 (v02 LENOVO CpuSsdt  00003000 INTL 20210930)
Dec 06 11:42:19 henrikpc kernel: ACPI: SSDT 0x000000004220B000 00059B (v02 LENOVO CtdpB    00001000 INTL 20210930)
Dec 06 11:42:19 henrikpc kernel: ACPI: DTPR 0x0000000042209000 000088 (v01 LENOVO TP-N45   00001140 PTEC 00000002)
Dec 06 11:42:19 henrikpc kernel: ACPI: SSDT 0x0000000042186000 0012A6 (v02 LENOVO PDatTabl 00001000 INTL 20210930)
Dec 06 11:42:19 henrikpc kernel: ACPI: SSDT 0x0000000042146000 002679 (v02 LENOVO IgfxSsdt 00003000 INTL 20210930)
Dec 06 11:42:19 henrikpc kernel: ACPI: SSDT 0x000000004213C000 009BEE (v02 LENOVO TcssSsdt 00001000 INTL 20210930)
Dec 06 11:42:19 henrikpc kernel: ACPI: ECDT 0x000000004213B000 000053 (v01 LENOVO TP-N45   00001140 PTEC 00000002)
Dec 06 11:42:19 henrikpc kernel: ACPI: HPET 0x0000000042139000 000038 (v01 LENOVO TP-N45   00001140 PTEC 00000002)
Dec 06 11:42:19 henrikpc kernel: ACPI: APIC 0x0000000042138000 000358 (v05 LENOVO TP-N45   00001140 PTEC 00000002)
Dec 06 11:42:19 henrikpc kernel: ACPI: MCFG 0x0000000042137000 00003C (v01 LENOVO TP-N45   00001140 PTEC 00000002)
Dec 06 11:42:19 henrikpc kernel: ACPI: SSDT 0x00000000420CF000 005EDB (v02 LENOVO MtlP_Rvp 00001000 INTL 20210930)
Dec 06 11:42:19 henrikpc kernel: ACPI: SSDT 0x00000000420CE000 00027B (v02 LENOVO PID1Ssdt 00000010 INTL 20210930)
Dec 06 11:42:19 henrikpc kernel: ACPI: SSDT 0x00000000420CC000 00123A (v02 LENOVO ProjSsdt 00000010 INTL 20210930)
Dec 06 11:42:19 henrikpc kernel: ACPI: SSDT 0x00000000420C7000 00429C (v02 LENOVO DptfTabl 00001000 INTL 20210930)
Dec 06 11:42:19 henrikpc kernel: ACPI: SSDT 0x00000000420C6000 00060E (v02 LENOVO Tpm2Tabl 00001000 INTL 20210930)
Dec 06 11:42:19 henrikpc kernel: ACPI: TPM2 0x00000000420C5000 00004C (v04 LENOVO TP-N45   00001140 PTEC 00000002)
Dec 06 11:42:19 henrikpc kernel: ACPI: LPIT 0x00000000420C4000 0000CC (v01 LENOVO TP-N45   00001140 PTEC 00000002)
Dec 06 11:42:19 henrikpc kernel: ACPI: WSMT 0x00000000420C3000 000028 (v01 LENOVO TP-N45   00001140 PTEC 00000002)
Dec 06 11:42:19 henrikpc kernel: ACPI: SSDT 0x00000000420BD000 00587D (v02 LENOVO TbtTypeC 00000000 INTL 20210930)
Dec 06 11:42:19 henrikpc kernel: ACPI: DBGP 0x00000000420BC000 000034 (v01 LENOVO TP-N45   00001140 PTEC 00000002)
Dec 06 11:42:19 henrikpc kernel: ACPI: DBG2 0x00000000420BB000 000054 (v00 LENOVO TP-N45   00001140 PTEC 00000002)
Dec 06 11:42:19 henrikpc kernel: ACPI: NHLT 0x00000000420BA000 00096C (v00 LENOVO TP-N45   00001140 PTEC 00000002)
Dec 06 11:42:19 henrikpc kernel: ACPI: MSDM 0x00000000420B9000 000055 (v03 LENOVO TP-N45   00001140 PTEC 00000002)
Dec 06 11:42:19 henrikpc kernel: ACPI: SSDT 0x00000000420A3000 001043 (v02 LENOVO UsbCTabl 00001000 INTL 20210930)
Dec 06 11:42:19 henrikpc kernel: ACPI: BATB 0x00000000420A1000 00004A (v02 LENOVO TP-N45   00001140 PTEC 00000002)
Dec 06 11:42:19 henrikpc kernel: ACPI: DMAR 0x000000004029F000 000098 (v01 LENOVO TP-N45   00001140 PTEC 00000002)
Dec 06 11:42:19 henrikpc kernel: ACPI: FPDT 0x0000000042207000 000044 (v01 LENOVO TP-N45   00001140 PTEC 00000002)
Dec 06 11:42:19 henrikpc kernel: ACPI: SSDT 0x0000000042205000 0018C6 (v02 LENOVO SocGpe   00003000 INTL 20210930)
Dec 06 11:42:19 henrikpc kernel: ACPI: SSDT 0x0000000042202000 0028D3 (v02 LENOVO SocCmn   00003000 INTL 20210930)
Dec 06 11:42:19 henrikpc kernel: ACPI: SDEV 0x0000000042201000 0000BC (v01 LENOVO TP-N45   00001140 PTEC 00000002)
Dec 06 11:42:19 henrikpc kernel: ACPI: PHAT 0x0000000042200000 00080C (v01 LENOVO TP-N45   00001140 PTEC 00000002)
Dec 06 11:42:19 henrikpc kernel: ACPI: BGRT 0x00000000421FF000 000038 (v01 LENOVO TP-N45   00001140 PTEC 00000002)
Dec 06 11:42:19 henrikpc kernel: ACPI: UEFI 0x000000003E9D0000 000076 (v01 LENOVO TP-N45   00001140 PTEC 00000002)
Dec 06 11:42:19 henrikpc kernel: ACPI: Reserving FACP table memory at [mem 0x4213a000-0x4213a113]
Dec 06 11:42:19 henrikpc kernel: ACPI: Reserving DSDT table memory at [mem 0x420d5000-0x421368e1]
Dec 06 11:42:19 henrikpc kernel: ACPI: Reserving FACS table memory at [mem 0x3f9e5000-0x3f9e503f]
Dec 06 11:42:19 henrikpc kernel: ACPI: Reserving SSDT table memory at [mem 0x4221b000-0x4221b38b]
Dec 06 11:42:19 henrikpc kernel: ACPI: Reserving SSDT table memory at [mem 0x4221a000-0x4221a625]
Dec 06 11:42:19 henrikpc kernel: ACPI: Reserving SSDT table memory at [mem 0x42219000-0x422195e6]
Dec 06 11:42:19 henrikpc kernel: ACPI: Reserving SSDT table memory at [mem 0x42218000-0x422181aa]
Dec 06 11:42:19 henrikpc kernel: ACPI: Reserving SSDT table memory at [mem 0x42217000-0x42217393]
Dec 06 11:42:19 henrikpc kernel: ACPI: Reserving SSDT table memory at [mem 0x42215000-0x42216bae]
Dec 06 11:42:19 henrikpc kernel: ACPI: Reserving SSDT table memory at [mem 0x42213000-0x4221461f]
Dec 06 11:42:19 henrikpc kernel: ACPI: Reserving SSDT table memory at [mem 0x42211000-0x42212348]
Dec 06 11:42:19 henrikpc kernel: ACPI: Reserving SSDT table memory at [mem 0x42210000-0x42210fba]
Dec 06 11:42:19 henrikpc kernel: ACPI: Reserving SSDT table memory at [mem 0x4220c000-0x4220fbc7]
Dec 06 11:42:19 henrikpc kernel: ACPI: Reserving SSDT table memory at [mem 0x4220b000-0x4220b59a]
Dec 06 11:42:19 henrikpc kernel: ACPI: Reserving DTPR table memory at [mem 0x42209000-0x42209087]
Dec 06 11:42:19 henrikpc kernel: ACPI: Reserving SSDT table memory at [mem 0x42186000-0x421872a5]
Dec 06 11:42:19 henrikpc kernel: ACPI: Reserving SSDT table memory at [mem 0x42146000-0x42148678]
Dec 06 11:42:19 henrikpc kernel: ACPI: Reserving SSDT table memory at [mem 0x4213c000-0x42145bed]
Dec 06 11:42:19 henrikpc kernel: ACPI: Reserving ECDT table memory at [mem 0x4213b000-0x4213b052]
Dec 06 11:42:19 henrikpc kernel: ACPI: Reserving HPET table memory at [mem 0x42139000-0x42139037]
Dec 06 11:42:19 henrikpc kernel: ACPI: Reserving APIC table memory at [mem 0x42138000-0x42138357]
Dec 06 11:42:19 henrikpc kernel: ACPI: Reserving MCFG table memory at [mem 0x42137000-0x4213703b]
Dec 06 11:42:19 henrikpc kernel: ACPI: Reserving SSDT table memory at [mem 0x420cf000-0x420d4eda]
Dec 06 11:42:19 henrikpc kernel: ACPI: Reserving SSDT table memory at [mem 0x420ce000-0x420ce27a]
Dec 06 11:42:19 henrikpc kernel: ACPI: Reserving SSDT table memory at [mem 0x420cc000-0x420cd239]
Dec 06 11:42:19 henrikpc kernel: ACPI: Reserving SSDT table memory at [mem 0x420c7000-0x420cb29b]
Dec 06 11:42:19 henrikpc kernel: ACPI: Reserving SSDT table memory at [mem 0x420c6000-0x420c660d]
Dec 06 11:42:19 henrikpc kernel: ACPI: Reserving TPM2 table memory at [mem 0x420c5000-0x420c504b]
Dec 06 11:42:19 henrikpc kernel: ACPI: Reserving LPIT table memory at [mem 0x420c4000-0x420c40cb]
Dec 06 11:42:19 henrikpc kernel: ACPI: Reserving WSMT table memory at [mem 0x420c3000-0x420c3027]
Dec 06 11:42:19 henrikpc kernel: ACPI: Reserving SSDT table memory at [mem 0x420bd000-0x420c287c]
Dec 06 11:42:19 henrikpc kernel: ACPI: Reserving DBGP table memory at [mem 0x420bc000-0x420bc033]
Dec 06 11:42:19 henrikpc kernel: ACPI: Reserving DBG2 table memory at [mem 0x420bb000-0x420bb053]
Dec 06 11:42:19 henrikpc kernel: ACPI: Reserving NHLT table memory at [mem 0x420ba000-0x420ba96b]
Dec 06 11:42:19 henrikpc kernel: ACPI: Reserving MSDM table memory at [mem 0x420b9000-0x420b9054]
Dec 06 11:42:19 henrikpc kernel: ACPI: Reserving SSDT table memory at [mem 0x420a3000-0x420a4042]
Dec 06 11:42:19 henrikpc kernel: ACPI: Reserving BATB table memory at [mem 0x420a1000-0x420a1049]
Dec 06 11:42:19 henrikpc kernel: ACPI: Reserving DMAR table memory at [mem 0x4029f000-0x4029f097]
Dec 06 11:42:19 henrikpc kernel: ACPI: Reserving FPDT table memory at [mem 0x42207000-0x42207043]
Dec 06 11:42:19 henrikpc kernel: ACPI: Reserving SSDT table memory at [mem 0x42205000-0x422068c5]
Dec 06 11:42:19 henrikpc kernel: ACPI: Reserving SSDT table memory at [mem 0x42202000-0x422048d2]
Dec 06 11:42:19 henrikpc kernel: ACPI: Reserving SDEV table memory at [mem 0x42201000-0x422010bb]
Dec 06 11:42:19 henrikpc kernel: ACPI: Reserving PHAT table memory at [mem 0x42200000-0x4220080b]
Dec 06 11:42:19 henrikpc kernel: ACPI: Reserving BGRT table memory at [mem 0x421ff000-0x421ff037]
Dec 06 11:42:19 henrikpc kernel: ACPI: Reserving UEFI table memory at [mem 0x3e9d0000-0x3e9d0075]
Dec 06 11:42:19 henrikpc kernel: APIC: Switched APIC routing to: cluster x2apic
Dec 06 11:42:19 henrikpc kernel: No NUMA configuration found
Dec 06 11:42:19 henrikpc kernel: Faking a node at [mem 0x0000000000000000-0x000000046fffffff]
Dec 06 11:42:19 henrikpc kernel: NODE_DATA(0) allocated [mem 0x46ffd5280-0x46fffffff]
Dec 06 11:42:19 henrikpc kernel: Zone ranges:
Dec 06 11:42:19 henrikpc kernel:   DMA      [mem 0x0000000000001000-0x0000000000ffffff]
Dec 06 11:42:19 henrikpc kernel:   DMA32    [mem 0x0000000001000000-0x00000000ffffffff]
Dec 06 11:42:19 henrikpc kernel:   Normal   [mem 0x0000000100000000-0x000000046fffffff]
Dec 06 11:42:19 henrikpc kernel:   Device   empty
Dec 06 11:42:19 henrikpc kernel: Movable zone start for each node
Dec 06 11:42:19 henrikpc kernel: Early memory node ranges
Dec 06 11:42:19 henrikpc kernel:   node   0: [mem 0x0000000000001000-0x000000000009ffff]
Dec 06 11:42:19 henrikpc kernel:   node   0: [mem 0x0000000000100000-0x000000003e52efff]
Dec 06 11:42:19 henrikpc kernel:   node   0: [mem 0x00000000424ff000-0x00000000744fefff]
Dec 06 11:42:19 henrikpc kernel:   node   0: [mem 0x0000000077fff000-0x0000000077ffffff]
Dec 06 11:42:19 henrikpc kernel:   node   0: [mem 0x0000000100000000-0x000000046fffffff]
Dec 06 11:42:19 henrikpc kernel: Initmem setup node 0 [mem 0x0000000000001000-0x000000046fffffff]
Dec 06 11:42:19 henrikpc kernel: On node 0, zone DMA: 1 pages in unavailable ranges
Dec 06 11:42:19 henrikpc kernel: On node 0, zone DMA: 96 pages in unavailable ranges
Dec 06 11:42:19 henrikpc kernel: On node 0, zone DMA32: 16336 pages in unavailable ranges
Dec 06 11:42:19 henrikpc kernel: On node 0, zone DMA32: 15104 pages in unavailable ranges
Dec 06 11:42:19 henrikpc kernel: ACPI: PM-Timer IO Port: 0x1808
Dec 06 11:42:19 henrikpc kernel: ACPI: X2APIC_NMI (uid[0xffffffff] high level lint[0x1])
Dec 06 11:42:19 henrikpc kernel: IOAPIC[0]: apic_id 2, version 32, address 0xfec00000, GSI 0-119
Dec 06 11:42:19 henrikpc kernel: ACPI: INT_SRC_OVR (bus 0 bus_irq 0 global_irq 2 dfl dfl)
Dec 06 11:42:19 henrikpc kernel: ACPI: INT_SRC_OVR (bus 0 bus_irq 9 global_irq 9 high level)
Dec 06 11:42:19 henrikpc kernel: ACPI: Using ACPI (MADT) for SMP configuration information
Dec 06 11:42:19 henrikpc kernel: ACPI: HPET id: 0x8086a201 base: 0xfed00000
Dec 06 11:42:19 henrikpc kernel: e820: update [mem 0x6db1d000-0x6dbadfff] usable ==> reserved
Dec 06 11:42:19 henrikpc kernel: TSC deadline timer available
Dec 06 11:42:19 henrikpc kernel: CPU topo: Max. logical packages:   1
Dec 06 11:42:19 henrikpc kernel: CPU topo: Max. logical dies:       1
Dec 06 11:42:19 henrikpc kernel: CPU topo: Max. dies per package:   1
Dec 06 11:42:19 henrikpc kernel: CPU topo: Max. threads per core:   2
Dec 06 11:42:19 henrikpc kernel: CPU topo: Num. cores per package:    12
Dec 06 11:42:19 henrikpc kernel: CPU topo: Num. threads per package:  14
Dec 06 11:42:19 henrikpc kernel: CPU topo: Allowing 14 present CPUs plus 0 hotplug CPUs
Dec 06 11:42:19 henrikpc kernel: PM: hibernation: Registered nosave memory: [mem 0x00000000-0x00000fff]
Dec 06 11:42:19 henrikpc kernel: PM: hibernation: Registered nosave memory: [mem 0x000a0000-0x000fffff]
Dec 06 11:42:19 henrikpc kernel: PM: hibernation: Registered nosave memory: [mem 0x3e52f000-0x424fefff]
Dec 06 11:42:19 henrikpc kernel: PM: hibernation: Registered nosave memory: [mem 0x6db1d000-0x6dbadfff]
Dec 06 11:42:19 henrikpc kernel: PM: hibernation: Registered nosave memory: [mem 0x6effa000-0x6effafff]
Dec 06 11:42:19 henrikpc kernel: PM: hibernation: Registered nosave memory: [mem 0x744ff000-0x77ffefff]
Dec 06 11:42:19 henrikpc kernel: PM: hibernation: Registered nosave memory: [mem 0x78000000-0xffffffff]
Dec 06 11:42:19 henrikpc kernel: [mem 0x88800000-0xfed1ffff] available for PCI devices
Dec 06 11:42:19 henrikpc kernel: Booting paravirtualized kernel on bare hardware
Dec 06 11:42:19 henrikpc kernel: clocksource: refined-jiffies: mask: 0xffffffff max_cycles: 0xffffffff, max_idle_ns: 1910969940391419 ns
Dec 06 11:42:19 henrikpc kernel: setup_percpu: NR_CPUS:8192 nr_cpumask_bits:14 nr_cpu_ids:14 nr_node_ids:1
Dec 06 11:42:19 henrikpc kernel: percpu: Embedded 83 pages/cpu s217088 r8192 d114688 u524288
Dec 06 11:42:19 henrikpc kernel: pcpu-alloc: s217088 r8192 d114688 u524288 alloc=1*2097152
Dec 06 11:42:19 henrikpc kernel: pcpu-alloc: [0] 00 01 02 03 [0] 04 05 06 07 
Dec 06 11:42:19 henrikpc kernel: pcpu-alloc: [0] 08 09 10 11 [0] 12 13 -- -- 
Dec 06 11:42:19 henrikpc kernel: Kernel command line: BOOT_IMAGE=(hd0,gpt2)/vmlinuz-6.16.8-200.fc42.x86_64 root=UUID=6dcb36cb-b19c-411d-b7d1-156391ddb9f3 ro rootflags=subvol=root rhgb quiet i915.enable_psr=0
Dec 06 11:42:19 henrikpc kernel: Unknown kernel command line parameters "rhgb BOOT_IMAGE=(hd0,gpt2)/vmlinuz-6.16.8-200.fc42.x86_64", will be passed to user space.
Dec 06 11:42:19 henrikpc kernel: printk: log buffer data + meta data: 262144 + 917504 = 1179648 bytes
Dec 06 11:42:19 henrikpc kernel: Dentry cache hash table entries: 2097152 (order: 12, 16777216 bytes, linear)
Dec 06 11:42:19 henrikpc kernel: Inode-cache hash table entries: 1048576 (order: 11, 8388608 bytes, linear)
Dec 06 11:42:19 henrikpc kernel: software IO TLB: area num 16.
Dec 06 11:42:19 henrikpc kernel: Fallback order for Node 0: 0 
Dec 06 11:42:19 henrikpc kernel: Built 1 zonelists, mobility grouping on.  Total pages: 4064463
Dec 06 11:42:19 henrikpc kernel: Policy zone: Normal
Dec 06 11:42:19 henrikpc kernel: mem auto-init: stack:all(zero), heap alloc:on, heap free:off
Dec 06 11:42:19 henrikpc kernel: SLUB: HWalign=64, Order=0-3, MinObjects=0, CPUs=14, Nodes=1
Dec 06 11:42:19 henrikpc kernel: ftrace: allocating 61363 entries in 240 pages
Dec 06 11:42:19 henrikpc kernel: ftrace: allocated 240 pages with 4 groups
Dec 06 11:42:19 henrikpc kernel: Dynamic Preempt: lazy
Dec 06 11:42:19 henrikpc kernel: rcu: Preemptible hierarchical RCU implementation.
Dec 06 11:42:19 henrikpc kernel: rcu:         RCU event tracing is enabled.
Dec 06 11:42:19 henrikpc kernel: rcu:         RCU restricting CPUs from NR_CPUS=8192 to nr_cpu_ids=14.
Dec 06 11:42:19 henrikpc kernel:         Trampoline variant of Tasks RCU enabled.
Dec 06 11:42:19 henrikpc kernel:         Rude variant of Tasks RCU enabled.
Dec 06 11:42:19 henrikpc kernel:         Tracing variant of Tasks RCU enabled.
Dec 06 11:42:19 henrikpc kernel: rcu: RCU calculated value of scheduler-enlistment delay is 100 jiffies.
Dec 06 11:42:19 henrikpc kernel: rcu: Adjusting geometry for rcu_fanout_leaf=16, nr_cpu_ids=14
Dec 06 11:42:19 henrikpc kernel: RCU Tasks: Setting shift to 4 and lim to 1 rcu_task_cb_adjust=1 rcu_task_cpu_ids=14.
Dec 06 11:42:19 henrikpc kernel: RCU Tasks Rude: Setting shift to 4 and lim to 1 rcu_task_cb_adjust=1 rcu_task_cpu_ids=14.
Dec 06 11:42:19 henrikpc kernel: RCU Tasks Trace: Setting shift to 4 and lim to 1 rcu_task_cb_adjust=1 rcu_task_cpu_ids=14.
Dec 06 11:42:19 henrikpc kernel: NR_IRQS: 524544, nr_irqs: 2168, preallocated irqs: 16
Dec 06 11:42:19 henrikpc kernel: rcu: srcu_init: Setting srcu_struct sizes based on contention.
Dec 06 11:42:19 henrikpc kernel: kfence: initialized - using 2097152 bytes for 255 objects at 0x(____ptrval____)-0x(____ptrval____)
Dec 06 11:42:19 henrikpc kernel: Console: colour dummy device 80x25
Dec 06 11:42:19 henrikpc kernel: printk: legacy console [tty0] enabled
Dec 06 11:42:19 henrikpc kernel: ACPI: Core revision 20250404
Dec 06 11:42:19 henrikpc kernel: hpet: HPET dysfunctional in PC10. Force disabled.
Dec 06 11:42:19 henrikpc kernel: APIC: Switch to symmetric I/O mode setup
Dec 06 11:42:19 henrikpc kernel: DMAR: Host address width 42
Dec 06 11:42:19 henrikpc kernel: DMAR: DRHD base: 0x000000fc800000 flags: 0x0
Dec 06 11:42:19 henrikpc kernel: DMAR: dmar0: reg_base_addr fc800000 ver 7:0 cap c9de008cee690462 ecap 12ca9a00f0ef5e
Dec 06 11:42:19 henrikpc kernel: DMAR: DRHD base: 0x000000fc801000 flags: 0x1
Dec 06 11:42:19 henrikpc kernel: DMAR: dmar1: reg_base_addr fc801000 ver 7:0 cap c9de008cee690462 ecap 12ca9a00f0efde
Dec 06 11:42:19 henrikpc kernel: DMAR: SATC flags: 0x1
Dec 06 11:42:19 henrikpc kernel: DMAR-IR: IOAPIC id 2 under DRHD base  0xfc801000 IOMMU 1
Dec 06 11:42:19 henrikpc kernel: DMAR-IR: HPET id 0 under DRHD base 0xfc801000
Dec 06 11:42:19 henrikpc kernel: DMAR-IR: Queued invalidation will be enabled to support x2apic and Intr-remapping.
Dec 06 11:42:19 henrikpc kernel: DMAR-IR: Enabled IRQ remapping in x2apic mode
Dec 06 11:42:19 henrikpc kernel: clocksource: tsc-early: mask: 0xffffffffffffffff max_cycles: 0x26bef67878b, max_idle_ns: 440795293631 ns
Dec 06 11:42:19 henrikpc kernel: Calibrating delay loop (skipped), value calculated using timer frequency.. 5376.00 BogoMIPS (lpj=2688000)
Dec 06 11:42:19 henrikpc kernel: CPU0: Thermal monitoring enabled (TM1)
Dec 06 11:42:19 henrikpc kernel: x86/cpu: User Mode Instruction Prevention (UMIP) activated
Dec 06 11:42:19 henrikpc kernel: CET detected: Indirect Branch Tracking enabled
Dec 06 11:42:19 henrikpc kernel: Last level iTLB entries: 4KB 0, 2MB 0, 4MB 0
Dec 06 11:42:19 henrikpc kernel: Last level dTLB entries: 4KB 0, 2MB 0, 4MB 0, 1GB 0
Dec 06 11:42:19 henrikpc kernel: process: using mwait in idle threads
Dec 06 11:42:19 henrikpc kernel: Speculative Store Bypass: Mitigation: Speculative Store Bypass disabled via prctl
Dec 06 11:42:19 henrikpc kernel: Spectre V2 : Mitigation: Enhanced / Automatic IBRS
Dec 06 11:42:19 henrikpc kernel: VMSCAPE: Mitigation: IBPB before exit to userspace
Dec 06 11:42:19 henrikpc kernel: Spectre V1 : Mitigation: usercopy/swapgs barriers and __user pointer sanitization
Dec 06 11:42:19 henrikpc kernel: Spectre V2 : mitigation: Enabling conditional Indirect Branch Prediction Barrier
Dec 06 11:42:19 henrikpc kernel: x86/fpu: Supporting XSAVE feature 0x001: 'x87 floating point registers'
Dec 06 11:42:19 henrikpc kernel: x86/fpu: Supporting XSAVE feature 0x002: 'SSE registers'
Dec 06 11:42:19 henrikpc kernel: x86/fpu: Supporting XSAVE feature 0x004: 'AVX registers'
Dec 06 11:42:19 henrikpc kernel: x86/fpu: Supporting XSAVE feature 0x200: 'Protection Keys User registers'
Dec 06 11:42:19 henrikpc kernel: x86/fpu: Supporting XSAVE feature 0x800: 'Control-flow User registers'
Dec 06 11:42:19 henrikpc kernel: x86/fpu: xstate_offset[2]:  576, xstate_sizes[2]:  256
Dec 06 11:42:19 henrikpc kernel: x86/fpu: xstate_offset[9]:  832, xstate_sizes[9]:    8
Dec 06 11:42:19 henrikpc kernel: x86/fpu: xstate_offset[11]:  840, xstate_sizes[11]:   16
Dec 06 11:42:19 henrikpc kernel: x86/fpu: Enabled xstate features 0xa07, context size is 856 bytes, using 'compacted' format.
Dec 06 11:42:19 henrikpc kernel: Freeing SMP alternatives memory: 56K
Dec 06 11:42:19 henrikpc kernel: pid_max: default: 32768 minimum: 301
Dec 06 11:42:19 henrikpc kernel: LSM: initializing lsm=lockdown,capability,yama,selinux,bpf,landlock,ipe,ima,evm
Dec 06 11:42:19 henrikpc kernel: Yama: becoming mindful.
Dec 06 11:42:19 henrikpc kernel: SELinux:  Initializing.
Dec 06 11:42:19 henrikpc kernel: LSM support for eBPF active
Dec 06 11:42:19 henrikpc kernel: landlock: Up and running.
Dec 06 11:42:19 henrikpc kernel: Mount-cache hash table entries: 32768 (order: 6, 262144 bytes, linear)
Dec 06 11:42:19 henrikpc kernel: Mountpoint-cache hash table entries: 32768 (order: 6, 262144 bytes, linear)
Dec 06 11:42:19 henrikpc kernel: smpboot: CPU0: Intel(R) Core(TM) Ultra 7 155U (family: 0x6, model: 0xaa, stepping: 0x4)
Dec 06 11:42:19 henrikpc kernel: Performance Events: XSAVE Architectural LBR, PEBS fmt5+-baseline,  AnyThread deprecated, Meteorlake Hybrid events, 32-deep LBR, full-width counters, Intel PMU driver.
Dec 06 11:42:19 henrikpc kernel: core: cpu_core PMU driver: 
Dec 06 11:42:19 henrikpc kernel: ... version:                5
Dec 06 11:42:19 henrikpc kernel: ... bit width:              48
Dec 06 11:42:19 henrikpc kernel: ... generic registers:      8
Dec 06 11:42:19 henrikpc kernel: ... value mask:             0000ffffffffffff
Dec 06 11:42:19 henrikpc kernel: ... max period:             00007fffffffffff
Dec 06 11:42:19 henrikpc kernel: ... fixed-purpose events:   4
Dec 06 11:42:19 henrikpc kernel: ... event mask:             0001000f000000ff
Dec 06 11:42:19 henrikpc kernel: signal: max sigframe size: 3632
Dec 06 11:42:19 henrikpc kernel: Estimated ratio of average max frequency by base frequency (times 1024): 1820
Dec 06 11:42:19 henrikpc kernel: rcu: Hierarchical SRCU implementation.
Dec 06 11:42:19 henrikpc kernel: rcu:         Max phase no-delay instances is 400.
Dec 06 11:42:19 henrikpc kernel: Timer migration: 2 hierarchy levels; 8 children per group; 2 crossnode level
Dec 06 11:42:19 henrikpc kernel: NMI watchdog: Enabled. Permanently consumes one hw-PMU counter.
Dec 06 11:42:19 henrikpc kernel: smp: Bringing up secondary CPUs ...
Dec 06 11:42:19 henrikpc kernel: smpboot: x86: Booting SMP configuration:
Dec 06 11:42:19 henrikpc kernel: .... node  #0, CPUs:        #2  #4  #5  #6  #7  #8  #9 #10 #11 #12 #13
Dec 06 11:42:19 henrikpc kernel: core: cpu_atom PMU driver: 
Dec 06 11:42:19 henrikpc kernel: ... version:                5
Dec 06 11:42:19 henrikpc kernel: ... bit width:              48
Dec 06 11:42:19 henrikpc kernel: ... generic registers:      8
Dec 06 11:42:19 henrikpc kernel: ... value mask:             0000ffffffffffff
Dec 06 11:42:19 henrikpc kernel: ... max period:             00007fffffffffff
Dec 06 11:42:19 henrikpc kernel: ... fixed-purpose events:   3
Dec 06 11:42:19 henrikpc kernel: ... event mask:             00000007000000ff
Dec 06 11:42:19 henrikpc kernel:   #1  #3
Dec 06 11:42:19 henrikpc kernel: smp: Brought up 1 node, 14 CPUs
Dec 06 11:42:19 henrikpc kernel: smpboot: Total of 14 processors activated (75264.00 BogoMIPS)
Dec 06 11:42:19 henrikpc kernel: Memory: 15769420K/16257852K available (21812K kernel code, 4521K rwdata, 17780K rodata, 5088K init, 6240K bss, 462908K reserved, 0K cma-reserved)
Dec 06 11:42:19 henrikpc kernel: devtmpfs: initialized
Dec 06 11:42:19 henrikpc kernel: x86/mm: Memory block size: 128MB
Dec 06 11:42:19 henrikpc kernel: ACPI: PM: Registering ACPI NVS region [mem 0x3e52f000-0x3fa2efff] (22020096 bytes)
Dec 06 11:42:19 henrikpc kernel: clocksource: jiffies: mask: 0xffffffff max_cycles: 0xffffffff, max_idle_ns: 1911260446275000 ns
Dec 06 11:42:19 henrikpc kernel: posixtimers hash table entries: 8192 (order: 5, 131072 bytes, linear)
Dec 06 11:42:19 henrikpc kernel: futex hash table entries: 4096 (262144 bytes on 1 NUMA nodes, total 256 KiB, linear).
Dec 06 11:42:19 henrikpc kernel: pinctrl core: initialized pinctrl subsystem
Dec 06 11:42:19 henrikpc kernel: PM: RTC time: 10:42:17, date: 2025-12-06
Dec 06 11:42:19 henrikpc kernel: NET: Registered PF_NETLINK/PF_ROUTE protocol family
Dec 06 11:42:19 henrikpc kernel: DMA: preallocated 2048 KiB GFP_KERNEL pool for atomic allocations
Dec 06 11:42:19 henrikpc kernel: DMA: preallocated 2048 KiB GFP_KERNEL|GFP_DMA pool for atomic allocations
Dec 06 11:42:19 henrikpc kernel: DMA: preallocated 2048 KiB GFP_KERNEL|GFP_DMA32 pool for atomic allocations
Dec 06 11:42:19 henrikpc kernel: audit: initializing netlink subsys (disabled)
Dec 06 11:42:19 henrikpc kernel: audit: type=2000 audit(1765017737.014:1): state=initialized audit_enabled=0 res=1
Dec 06 11:42:19 henrikpc kernel: thermal_sys: Registered thermal governor 'fair_share'
Dec 06 11:42:19 henrikpc kernel: thermal_sys: Registered thermal governor 'bang_bang'
Dec 06 11:42:19 henrikpc kernel: thermal_sys: Registered thermal governor 'step_wise'
Dec 06 11:42:19 henrikpc kernel: thermal_sys: Registered thermal governor 'user_space'
Dec 06 11:42:19 henrikpc kernel: cpuidle: using governor menu
Dec 06 11:42:19 henrikpc kernel: acpiphp: ACPI Hot Plug PCI Controller Driver version: 0.5
Dec 06 11:42:19 henrikpc kernel: PCI: ECAM [mem 0xc0000000-0xcfffffff] (base 0xc0000000) for domain 0000 [bus 00-ff]
Dec 06 11:42:19 henrikpc kernel: PCI: Using configuration type 1 for base access
Dec 06 11:42:19 henrikpc kernel: kprobes: kprobe jump-optimization is enabled. All kprobes are optimized if possible.
Dec 06 11:42:19 henrikpc kernel: HugeTLB: allocation took 0ms with hugepage_allocation_threads=3
Dec 06 11:42:19 henrikpc kernel: HugeTLB: registered 1.00 GiB page size, pre-allocated 0 pages
Dec 06 11:42:19 henrikpc kernel: HugeTLB: 16380 KiB vmemmap can be freed for a 1.00 GiB page
Dec 06 11:42:19 henrikpc kernel: HugeTLB: registered 2.00 MiB page size, pre-allocated 0 pages
Dec 06 11:42:19 henrikpc kernel: HugeTLB: 28 KiB vmemmap can be freed for a 2.00 MiB page
Dec 06 11:42:19 henrikpc kernel: raid6: skipped pq benchmark and selected avx2x4
Dec 06 11:42:19 henrikpc kernel: raid6: using avx2x2 recovery algorithm
Dec 06 11:42:19 henrikpc kernel: ACPI: Added _OSI(Module Device)
Dec 06 11:42:19 henrikpc kernel: ACPI: Added _OSI(Processor Device)
Dec 06 11:42:19 henrikpc kernel: ACPI: Added _OSI(Processor Aggregator Device)
Dec 06 11:42:19 henrikpc kernel: ACPI: 24 ACPI AML tables successfully acquired and loaded
Dec 06 11:42:19 henrikpc kernel: ACPI: EC: EC started
Dec 06 11:42:19 henrikpc kernel: ACPI: EC: interrupt blocked
Dec 06 11:42:19 henrikpc kernel: ACPI: EC: EC_CMD/EC_SC=0x66, EC_DATA=0x62
Dec 06 11:42:19 henrikpc kernel: ACPI: EC: Boot ECDT EC used to handle transactions
Dec 06 11:42:19 henrikpc kernel: ACPI: [Firmware Bug]: BIOS _OSI(Linux) query ignored
Dec 06 11:42:19 henrikpc kernel: ACPI: USB4 _OSC: OS supports USB3+ DisplayPort+ PCIe+ XDomain+
Dec 06 11:42:19 henrikpc kernel: ACPI: USB4 _OSC: OS controls USB3+ DisplayPort+ PCIe+ XDomain+
Dec 06 11:42:19 henrikpc kernel: ACPI: Interpreter enabled
Dec 06 11:42:19 henrikpc kernel: ACPI: PM: (supports S0 S4 S5)
Dec 06 11:42:19 henrikpc kernel: ACPI: Using IOAPIC for interrupt routing
Dec 06 11:42:19 henrikpc kernel: PCI: Using host bridge windows from ACPI; if necessary, use "pci=nocrs" and report a bug
Dec 06 11:42:19 henrikpc kernel: PCI: Ignoring E820 reservations for host bridge windows
Dec 06 11:42:19 henrikpc kernel: ACPI: Enabled 10 GPEs in block 00 to 7F
Dec 06 11:42:19 henrikpc kernel: ACPI: Enabled 8 GPEs in block 80 to DF
Dec 06 11:42:19 henrikpc kernel: ACPI: \_SB_.PC00.LPCB.EC__.PUBS: New power resource
Dec 06 11:42:19 henrikpc kernel: ACPI: \_SB_.PC00.XHCI.RHUB.HS08.WWPR: New power resource
Dec 06 11:42:19 henrikpc kernel: ACPI: \_SB_.PC00.XHCI.RHUB.HS10.BTRT: New power resource
Dec 06 11:42:19 henrikpc kernel: ACPI: \_SB_.PC00.XHCI.RHUB.HS10.DBTR: New power resource
Dec 06 11:42:19 henrikpc kernel: ACPI: \_SB_.PC00.CNVW.WRST: New power resource
Dec 06 11:42:19 henrikpc kernel: ACPI: \_SB_.PC00.RP01.PXP_: New power resource
Dec 06 11:42:19 henrikpc kernel: ACPI: \_SB_.PC00.RP06.PXP_: New power resource
Dec 06 11:42:19 henrikpc kernel: ACPI: \_SB_.PC00.RP07.PXP_: New power resource
Dec 06 11:42:19 henrikpc kernel: ACPI: \_SB_.PC00.RP10.PXP_: New power resource
Dec 06 11:42:19 henrikpc kernel: ACPI: \_SB_.PC00.TBT0: New power resource
Dec 06 11:42:19 henrikpc kernel: ACPI: \_SB_.PC00.TBT1: New power resource
Dec 06 11:42:19 henrikpc kernel: ACPI: \_SB_.PC00.D3C_: New power resource
Dec 06 11:42:19 henrikpc kernel: ACPI: \PIN_: New power resource
Dec 06 11:42:19 henrikpc kernel: ACPI: \PINP: New power resource
Dec 06 11:42:19 henrikpc kernel: ACPI: PCI Root Bridge [PC00] (domain 0000 [bus 00-fe])
Dec 06 11:42:19 henrikpc kernel: acpi PNP0A08:00: _OSC: OS supports [ExtendedConfig ASPM ClockPM Segments MSI EDR HPX-Type3]
Dec 06 11:42:19 henrikpc kernel: acpi PNP0A08:00: _OSC: platform does not support [AER]
Dec 06 11:42:19 henrikpc kernel: acpi PNP0A08:00: _OSC: OS now controls [PCIeHotplug SHPCHotplug PME PCIeCapability LTR DPC]
Dec 06 11:42:19 henrikpc kernel: PCI host bridge to bus 0000:00
Dec 06 11:42:19 henrikpc kernel: pci_bus 0000:00: root bus resource [io  0x0000-0x0cf7 window]
Dec 06 11:42:19 henrikpc kernel: pci_bus 0000:00: root bus resource [io  0x0d00-0xffff window]
Dec 06 11:42:19 henrikpc kernel: pci_bus 0000:00: root bus resource [mem 0x000a0000-0x000bffff window]
Dec 06 11:42:19 henrikpc kernel: pci_bus 0000:00: root bus resource [mem 0x90000000-0xbfffffff window]
Dec 06 11:42:19 henrikpc kernel: pci_bus 0000:00: root bus resource [mem 0x4000000000-0x3ffbfffffff window]
Dec 06 11:42:19 henrikpc kernel: pci_bus 0000:00: root bus resource [bus 00-fe]
Dec 06 11:42:19 henrikpc kernel: pci 0000:00:00.0: [8086:7d02] type 00 class 0x060000 conventional PCI endpoint
Dec 06 11:42:19 henrikpc kernel: pci 0000:00:02.0: [8086:7d45] type 00 class 0x030000 PCIe Root Complex Integrated Endpoint
Dec 06 11:42:19 henrikpc kernel: pci 0000:00:02.0: BAR 0 [mem 0x4058000000-0x4058ffffff 64bit pref]
Dec 06 11:42:19 henrikpc kernel: pci 0000:00:02.0: BAR 2 [mem 0x4000000000-0x400fffffff 64bit pref]
Dec 06 11:42:19 henrikpc kernel: pci 0000:00:02.0: DMAR: Skip IOMMU disabling for graphics
Dec 06 11:42:19 henrikpc kernel: pci 0000:00:02.0: Video device with shadowed ROM at [mem 0x000c0000-0x000dffff]
Dec 06 11:42:19 henrikpc kernel: pci 0000:00:02.0: PME# supported from D0 D3hot
Dec 06 11:42:19 henrikpc kernel: pci 0000:00:02.0: VF BAR 0 [mem 0x00000000-0x00ffffff 64bit pref]
Dec 06 11:42:19 henrikpc kernel: pci 0000:00:02.0: VF BAR 0 [mem 0x00000000-0x06ffffff 64bit pref]: contains BAR 0 for 7 VFs
Dec 06 11:42:19 henrikpc kernel: pci 0000:00:04.0: [8086:7d03] type 00 class 0x118000 conventional PCI endpoint
Dec 06 11:42:19 henrikpc kernel: pci 0000:00:04.0: BAR 0 [mem 0x405a6c0000-0x405a6dffff 64bit]
Dec 06 11:42:19 henrikpc kernel: pci 0000:00:06.0: [8086:7e4d] type 01 class 0x060400 PCIe Root Port
Dec 06 11:42:19 henrikpc kernel: pci 0000:00:06.0: PCI bridge to [bus 1c]
Dec 06 11:42:19 henrikpc kernel: pci 0000:00:06.0:   bridge window [mem 0x4059200000-0x4059bfffff 64bit pref]
Dec 06 11:42:19 henrikpc kernel: pci 0000:00:06.0: PME# supported from D0 D3hot D3cold
Dec 06 11:42:19 henrikpc kernel: pci 0000:00:06.0: PTM enabled (root), 4ns granularity
Dec 06 11:42:19 henrikpc kernel: pci 0000:00:06.1: [8086:7eca] type 01 class 0x060400 PCIe Root Port
Dec 06 11:42:19 henrikpc kernel: pci 0000:00:06.1: PCI bridge to [bus 04]
Dec 06 11:42:19 henrikpc kernel: pci 0000:00:06.1:   bridge window [mem 0xaac00000-0xaacfffff]
Dec 06 11:42:19 henrikpc kernel: pci 0000:00:06.1: PME# supported from D0 D3hot D3cold
Dec 06 11:42:19 henrikpc kernel: pci 0000:00:06.1: PTM enabled (root), 4ns granularity
Dec 06 11:42:19 henrikpc kernel: pci 0000:00:07.0: [8086:7ec4] type 01 class 0x060400 PCIe Root Port
Dec 06 11:42:19 henrikpc kernel: pci 0000:00:07.0: PCI bridge to [bus 20-49]
Dec 06 11:42:19 henrikpc kernel: pci 0000:00:07.0:   bridge window [mem 0x9e000000-0xaa1fffff]
Dec 06 11:42:19 henrikpc kernel: pci 0000:00:07.0:   bridge window [mem 0x4010000000-0x402bffffff 64bit pref]
Dec 06 11:42:19 henrikpc kernel: pci 0000:00:07.0: PME# supported from D0 D3hot D3cold
Dec 06 11:42:19 henrikpc kernel: pci 0000:00:07.0: PTM enabled (root), 4ns granularity
Dec 06 11:42:19 henrikpc kernel: pci 0000:00:07.2: [8086:7ec6] type 01 class 0x060400 PCIe Root Port
Dec 06 11:42:19 henrikpc kernel: pci 0000:00:07.2: PCI bridge to [bus 50-79]
Dec 06 11:42:19 henrikpc kernel: pci 0000:00:07.2:   bridge window [mem 0x90000000-0x9c1fffff]
Dec 06 11:42:19 henrikpc kernel: pci 0000:00:07.2:   bridge window [mem 0x4030000000-0x404bffffff 64bit pref]
Dec 06 11:42:19 henrikpc kernel: pci 0000:00:07.2: PME# supported from D0 D3hot D3cold
Dec 06 11:42:19 henrikpc kernel: pci 0000:00:07.2: PTM enabled (root), 4ns granularity
Dec 06 11:42:19 henrikpc kernel: pci 0000:00:08.0: [8086:7e4c] type 00 class 0x088000 conventional PCI endpoint
Dec 06 11:42:19 henrikpc kernel: pci 0000:00:08.0: BAR 0 [mem 0x405a713000-0x405a713fff 64bit]
Dec 06 11:42:19 henrikpc kernel: pci 0000:00:0a.0: [8086:7d0d] type 00 class 0x118000 PCIe Root Complex Integrated Endpoint
Dec 06 11:42:19 henrikpc kernel: pci 0000:00:0a.0: BAR 0 [mem 0x405a680000-0x405a6bffff 64bit]
Dec 06 11:42:19 henrikpc kernel: pci 0000:00:0a.0: enabling Extended Tags
Dec 06 11:42:19 henrikpc kernel: pci 0000:00:0b.0: [8086:7d1d] type 00 class 0x120000 PCIe Root Complex Integrated Endpoint
Dec 06 11:42:19 henrikpc kernel: pci 0000:00:0b.0: BAR 0 [mem 0x4050000000-0x4057ffffff 64bit]
Dec 06 11:42:19 henrikpc kernel: pci 0000:00:0b.0: BAR 4 [mem 0x405a712000-0x405a712fff 64bit]
Dec 06 11:42:19 henrikpc kernel: pci 0000:00:0d.0: [8086:7ec0] type 00 class 0x0c0330 conventional PCI endpoint
Dec 06 11:42:19 henrikpc kernel: pci 0000:00:0d.0: BAR 0 [mem 0x405a6f0000-0x405a6fffff 64bit]
Dec 06 11:42:19 henrikpc kernel: pci 0000:00:0d.0: PME# supported from D3hot D3cold
Dec 06 11:42:19 henrikpc kernel: pci 0000:00:0d.2: [8086:7ec2] type 00 class 0x0c0340 conventional PCI endpoint
Dec 06 11:42:19 henrikpc kernel: pci 0000:00:0d.2: BAR 0 [mem 0x405a640000-0x405a67ffff 64bit]
Dec 06 11:42:19 henrikpc kernel: pci 0000:00:0d.2: BAR 2 [mem 0x405a711000-0x405a711fff 64bit]
Dec 06 11:42:19 henrikpc kernel: pci 0000:00:0d.2: supports D1 D2
Dec 06 11:42:19 henrikpc kernel: pci 0000:00:0d.2: PME# supported from D0 D1 D2 D3hot D3cold
Dec 06 11:42:19 henrikpc kernel: pci 0000:00:0d.3: [8086:7ec3] type 00 class 0x0c0340 conventional PCI endpoint
Dec 06 11:42:19 henrikpc kernel: pci 0000:00:0d.3: BAR 0 [mem 0x405a600000-0x405a63ffff 64bit]
Dec 06 11:42:19 henrikpc kernel: pci 0000:00:0d.3: BAR 2 [mem 0x405a710000-0x405a710fff 64bit]
Dec 06 11:42:19 henrikpc kernel: pci 0000:00:0d.3: supports D1 D2
Dec 06 11:42:19 henrikpc kernel: pci 0000:00:0d.3: PME# supported from D0 D1 D2 D3hot D3cold
Dec 06 11:42:19 henrikpc kernel: pci 0000:00:14.0: [8086:7e7d] type 00 class 0x0c0330 conventional PCI endpoint
Dec 06 11:42:19 henrikpc kernel: pci 0000:00:14.0: BAR 0 [mem 0x405a6e0000-0x405a6effff 64bit]
Dec 06 11:42:19 henrikpc kernel: pci 0000:00:14.0: PME# supported from D3hot D3cold
Dec 06 11:42:19 henrikpc kernel: pci 0000:00:14.2: [8086:7e7f] type 00 class 0x050000 conventional PCI endpoint
Dec 06 11:42:19 henrikpc kernel: pci 0000:00:14.2: BAR 0 [mem 0x405a708000-0x405a70bfff 64bit]
Dec 06 11:42:19 henrikpc kernel: pci 0000:00:14.2: BAR 2 [mem 0x405a70f000-0x405a70ffff 64bit]
Dec 06 11:42:19 henrikpc kernel: pci 0000:00:14.3: [8086:7e40] type 00 class 0x028000 PCIe Root Complex Integrated Endpoint
Dec 06 11:42:19 henrikpc kernel: pci 0000:00:14.3: BAR 0 [mem 0x405a704000-0x405a707fff 64bit]
Dec 06 11:42:19 henrikpc kernel: pci 0000:00:14.3: PME# supported from D0 D3hot D3cold
Dec 06 11:42:19 henrikpc kernel: pci 0000:00:15.0: [8086:7e78] type 00 class 0x0c8000 conventional PCI endpoint
Dec 06 11:42:19 henrikpc kernel: pci 0000:00:15.0: BAR 0 [mem 0x00000000-0x00000fff 64bit]
Dec 06 11:42:19 henrikpc kernel: pci 0000:00:16.0: [8086:7e70] type 00 class 0x078000 conventional PCI endpoint
Dec 06 11:42:19 henrikpc kernel: pci 0000:00:16.0: BAR 0 [mem 0x405a70d000-0x405a70dfff 64bit]
Dec 06 11:42:19 henrikpc kernel: pci 0000:00:16.0: PME# supported from D3hot
Dec 06 11:42:19 henrikpc kernel: pci 0000:00:1c.0: [8086:7e38] type 01 class 0x060400 PCIe Root Port
Dec 06 11:42:19 henrikpc kernel: pci 0000:00:1c.0: PCI bridge to [bus 1d]
Dec 06 11:42:19 henrikpc kernel: pci 0000:00:1c.0:   bridge window [mem 0xaa200000-0xaabfffff]
Dec 06 11:42:19 henrikpc kernel: pci 0000:00:1c.0:   bridge window [mem 0x4059c00000-0x405a5fffff 64bit pref]
Dec 06 11:42:19 henrikpc kernel: pci 0000:00:1c.0: PME# supported from D0 D3hot D3cold
Dec 06 11:42:19 henrikpc kernel: pci 0000:00:1c.0: PTM enabled (root), 4ns granularity
Dec 06 11:42:19 henrikpc kernel: pci 0000:00:1f.0: [8086:7e03] type 00 class 0x060100 conventional PCI endpoint
Dec 06 11:42:19 henrikpc kernel: pci 0000:00:1f.3: [8086:7e28] type 00 class 0x040380 conventional PCI endpoint
Dec 06 11:42:19 henrikpc kernel: pci 0000:00:1f.3: BAR 0 [mem 0x405a700000-0x405a703fff 64bit]
Dec 06 11:42:19 henrikpc kernel: pci 0000:00:1f.3: BAR 4 [mem 0x4059000000-0x40591fffff 64bit]
Dec 06 11:42:19 henrikpc kernel: pci 0000:00:1f.3: PME# supported from D3hot D3cold
Dec 06 11:42:19 henrikpc kernel: pci 0000:00:1f.4: [8086:7e22] type 00 class 0x0c0500 conventional PCI endpoint
Dec 06 11:42:19 henrikpc kernel: pci 0000:00:1f.4: BAR 0 [mem 0x405a70c000-0x405a70c0ff 64bit]
Dec 06 11:42:19 henrikpc kernel: pci 0000:00:1f.4: BAR 4 [io  0xefa0-0xefbf]
Dec 06 11:42:19 henrikpc kernel: pci 0000:00:1f.5: [8086:7e23] type 00 class 0x0c8000 conventional PCI endpoint
Dec 06 11:42:19 henrikpc kernel: pci 0000:00:1f.5: BAR 0 [mem 0xfe010000-0xfe010fff]
Dec 06 11:42:19 henrikpc kernel: pci 0000:00:06.0: PCI bridge to [bus 1c]
Dec 06 11:42:19 henrikpc kernel: pci 0000:04:00.0: [1e0f:001a] type 00 class 0x010802 PCIe Endpoint
Dec 06 11:42:19 henrikpc kernel: pci 0000:04:00.0: BAR 0 [mem 0xaac00000-0xaac03fff 64bit]
Dec 06 11:42:19 henrikpc kernel: pci 0000:00:06.1: PCI bridge to [bus 04]
Dec 06 11:42:19 henrikpc kernel: pci 0000:00:07.0: PCI bridge to [bus 20-49]
Dec 06 11:42:19 henrikpc kernel: pci 0000:00:07.2: PCI bridge to [bus 50-79]
Dec 06 11:42:19 henrikpc kernel: pci 0000:00:1c.0: PCI bridge to [bus 1d]
Dec 06 11:42:19 henrikpc kernel: ACPI: \_SB_.PEPD: Duplicate LPS0 _DSM functions (mask: 0x1)
Dec 06 11:42:19 henrikpc kernel: Low-power S0 idle used by default for system suspend
Dec 06 11:42:19 henrikpc kernel: ACPI: EC: interrupt unblocked
Dec 06 11:42:19 henrikpc kernel: ACPI: EC: event unblocked
Dec 06 11:42:19 henrikpc kernel: ACPI: EC: EC_CMD/EC_SC=0x66, EC_DATA=0x62
Dec 06 11:42:19 henrikpc kernel: ACPI: EC: GPE=0x6e
Dec 06 11:42:19 henrikpc kernel: ACPI: \_SB_.PC00.LPCB.EC__: Boot ECDT EC initialization complete
Dec 06 11:42:19 henrikpc kernel: ACPI: \_SB_.PC00.LPCB.EC__: EC: Used to handle transactions and events
Dec 06 11:42:19 henrikpc kernel: iommu: Default domain type: Translated
Dec 06 11:42:19 henrikpc kernel: iommu: DMA domain TLB invalidation policy: lazy mode
Dec 06 11:42:19 henrikpc kernel: SCSI subsystem initialized
Dec 06 11:42:19 henrikpc kernel: libata version 3.00 loaded.
Dec 06 11:42:19 henrikpc kernel: ACPI: bus type USB registered
Dec 06 11:42:19 henrikpc kernel: usbcore: registered new interface driver usbfs
Dec 06 11:42:19 henrikpc kernel: usbcore: registered new interface driver hub
Dec 06 11:42:19 henrikpc kernel: usbcore: registered new device driver usb
Dec 06 11:42:19 henrikpc kernel: pps_core: LinuxPPS API ver. 1 registered
Dec 06 11:42:19 henrikpc kernel: pps_core: Software ver. 5.3.6 - Copyright 2005-2007 Rodolfo Giometti <giometti@linux.it>
Dec 06 11:42:19 henrikpc kernel: PTP clock support registered
Dec 06 11:42:19 henrikpc kernel: EDAC MC: Ver: 3.0.0
Dec 06 11:42:19 henrikpc kernel: efivars: Registered efivars operations
Dec 06 11:42:19 henrikpc kernel: NetLabel: Initializing
Dec 06 11:42:19 henrikpc kernel: NetLabel:  domain hash size = 128
Dec 06 11:42:19 henrikpc kernel: NetLabel:  protocols = UNLABELED CIPSOv4 CALIPSO
Dec 06 11:42:19 henrikpc kernel: NetLabel:  unlabeled traffic allowed by default
Dec 06 11:42:19 henrikpc kernel: mctp: management component transport protocol core
Dec 06 11:42:19 henrikpc kernel: NET: Registered PF_MCTP protocol family
Dec 06 11:42:19 henrikpc kernel: PCI: Using ACPI for IRQ routing
Dec 06 11:42:19 henrikpc kernel: PCI: pci_cache_line_size set to 64 bytes
Dec 06 11:42:19 henrikpc kernel: pci 0000:00:1f.5: BAR 0 [mem 0xfe010000-0xfe010fff]: can't claim; no compatible bridge window
Dec 06 11:42:19 henrikpc kernel: e820: reserve RAM buffer [mem 0x3e52f000-0x3fffffff]
Dec 06 11:42:19 henrikpc kernel: e820: reserve RAM buffer [mem 0x6db1d000-0x6fffffff]
Dec 06 11:42:19 henrikpc kernel: e820: reserve RAM buffer [mem 0x6effa000-0x6fffffff]
Dec 06 11:42:19 henrikpc kernel: e820: reserve RAM buffer [mem 0x744ff000-0x77ffffff]
Dec 06 11:42:19 henrikpc kernel: pci 0000:00:02.0: vgaarb: setting as boot VGA device
Dec 06 11:42:19 henrikpc kernel: pci 0000:00:02.0: vgaarb: bridge control possible
Dec 06 11:42:19 henrikpc kernel: pci 0000:00:02.0: vgaarb: VGA device added: decodes=io+mem,owns=io+mem,locks=none
Dec 06 11:42:19 henrikpc kernel: vgaarb: loaded
Dec 06 11:42:19 henrikpc kernel: clocksource: Switched to clocksource tsc-early
Dec 06 11:42:19 henrikpc kernel: VFS: Disk quotas dquot_6.6.0
Dec 06 11:42:19 henrikpc kernel: VFS: Dquot-cache hash table entries: 512 (order 0, 4096 bytes)
Dec 06 11:42:19 henrikpc kernel: pnp: PnP ACPI init
Dec 06 11:42:19 henrikpc kernel: system 00:00: [io  0x0680-0x069f] has been reserved
Dec 06 11:42:19 henrikpc kernel: system 00:00: [io  0x164e-0x164f] has been reserved
Dec 06 11:42:19 henrikpc kernel: system 00:01: [io  0x1854-0x1857] has been reserved
Dec 06 11:42:19 henrikpc kernel: system 00:04: [io  0x1800-0x189f] could not be reserved
Dec 06 11:42:19 henrikpc kernel: system 00:04: [io  0x0800-0x087f] has been reserved
Dec 06 11:42:19 henrikpc kernel: system 00:04: [io  0x0880-0x08ff] has been reserved
Dec 06 11:42:19 henrikpc kernel: system 00:04: [io  0x0900-0x097f] has been reserved
Dec 06 11:42:19 henrikpc kernel: system 00:04: [io  0x0980-0x09ff] has been reserved
Dec 06 11:42:19 henrikpc kernel: system 00:04: [io  0x0a00-0x0a7f] has been reserved
Dec 06 11:42:19 henrikpc kernel: system 00:04: [io  0x0a80-0x0aff] has been reserved
Dec 06 11:42:19 henrikpc kernel: system 00:04: [io  0x0b00-0x0b7f] has been reserved
Dec 06 11:42:19 henrikpc kernel: system 00:04: [io  0x0b80-0x0bff] has been reserved
Dec 06 11:42:19 henrikpc kernel: system 00:04: [io  0x15e0-0x15ef] has been reserved
Dec 06 11:42:19 henrikpc kernel: system 00:04: [io  0x1600-0x167f] could not be reserved
Dec 06 11:42:19 henrikpc kernel: system 00:04: [io  0x1640-0x165f] could not be reserved
Dec 06 11:42:19 henrikpc kernel: system 00:04: [mem 0xc0000000-0xcfffffff] has been reserved
Dec 06 11:42:19 henrikpc kernel: system 00:04: [mem 0xfed10000-0xfed13fff] has been reserved
Dec 06 11:42:19 henrikpc kernel: system 00:04: [mem 0xfed18000-0xfed18fff] has been reserved
Dec 06 11:42:19 henrikpc kernel: system 00:04: [mem 0xfed19000-0xfed19fff] has been reserved
Dec 06 11:42:19 henrikpc kernel: system 00:04: [mem 0xfeb00000-0xfebfffff] has been reserved
Dec 06 11:42:19 henrikpc kernel: system 00:04: [mem 0xfed20000-0xfed3ffff] has been reserved
Dec 06 11:42:19 henrikpc kernel: system 00:04: [mem 0xfed90000-0xfed93fff] has been reserved
Dec 06 11:42:19 henrikpc kernel: pnp 00:05: disabling [mem 0x00000000-0x00000fff] because it overlaps 0000:00:02.0 BAR 7 [mem 0x00000000-0x06ffffff 64bit pref]
Dec 06 11:42:19 henrikpc kernel: pnp 00:05: disabling [mem 0x00000000-0x00000fff] because it overlaps 0000:00:02.0 BAR 7 [mem 0x00000000-0x06ffffff 64bit pref]
Dec 06 11:42:19 henrikpc kernel: system 00:05: [mem 0xfedc0000-0xfedc7fff] has been reserved
Dec 06 11:42:19 henrikpc kernel: system 00:05: [mem 0xc0000000-0xcfffffff] has been reserved
Dec 06 11:42:19 henrikpc kernel: system 00:05: [mem 0xfed20000-0xfed7ffff] could not be reserved
Dec 06 11:42:19 henrikpc kernel: system 00:05: [mem 0xfc800000-0xfc81ffff] could not be reserved
Dec 06 11:42:19 henrikpc kernel: system 00:05: [mem 0xfed45000-0xfed8ffff] could not be reserved
Dec 06 11:42:19 henrikpc kernel: system 00:05: [mem 0xfee00000-0xfeefffff] has been reserved
Dec 06 11:42:19 henrikpc kernel: system 00:06: [io  0xff00-0xfffe] has been reserved
Dec 06 11:42:19 henrikpc kernel: pnp 00:08: disabling [mem 0x000c0000-0x000c3fff] because it overlaps 0000:00:02.0 BAR 6 [mem 0x000c0000-0x000dffff]
Dec 06 11:42:19 henrikpc kernel: pnp 00:08: disabling [mem 0x000c8000-0x000cbfff] because it overlaps 0000:00:02.0 BAR 6 [mem 0x000c0000-0x000dffff]
Dec 06 11:42:19 henrikpc kernel: pnp 00:08: disabling [mem 0x000d0000-0x000d3fff] because it overlaps 0000:00:02.0 BAR 6 [mem 0x000c0000-0x000dffff]
Dec 06 11:42:19 henrikpc kernel: pnp 00:08: disabling [mem 0x000d8000-0x000dbfff] because it overlaps 0000:00:02.0 BAR 6 [mem 0x000c0000-0x000dffff]
Dec 06 11:42:19 henrikpc kernel: pnp 00:08: disabling [mem 0x00000000-0x0009ffff] because it overlaps 0000:00:02.0 BAR 7 [mem 0x00000000-0x06ffffff 64bit pref]
Dec 06 11:42:19 henrikpc kernel: pnp 00:08: disabling [mem 0x000c0000-0x000c3fff disabled] because it overlaps 0000:00:02.0 BAR 7 [mem 0x00000000-0x06ffffff 64bit pref]
Dec 06 11:42:19 henrikpc kernel: pnp 00:08: disabling [mem 0x000c8000-0x000cbfff disabled] because it overlaps 0000:00:02.0 BAR 7 [mem 0x00000000-0x06ffffff 64bit pref]
Dec 06 11:42:19 henrikpc kernel: pnp 00:08: disabling [mem 0x000d0000-0x000d3fff disabled] because it overlaps 0000:00:02.0 BAR 7 [mem 0x00000000-0x06ffffff 64bit pref]
Dec 06 11:42:19 henrikpc kernel: pnp 00:08: disabling [mem 0x000d8000-0x000dbfff disabled] because it overlaps 0000:00:02.0 BAR 7 [mem 0x00000000-0x06ffffff 64bit pref]
Dec 06 11:42:19 henrikpc kernel: pnp 00:08: disabling [mem 0x000e0000-0x000e3fff] because it overlaps 0000:00:02.0 BAR 7 [mem 0x00000000-0x06ffffff 64bit pref]
Dec 06 11:42:19 henrikpc kernel: pnp 00:08: disabling [mem 0x000e8000-0x000ebfff] because it overlaps 0000:00:02.0 BAR 7 [mem 0x00000000-0x06ffffff 64bit pref]
Dec 06 11:42:19 henrikpc kernel: pnp 00:08: disabling [mem 0x000f0000-0x000fffff] because it overlaps 0000:00:02.0 BAR 7 [mem 0x00000000-0x06ffffff 64bit pref]
Dec 06 11:42:19 henrikpc kernel: pnp 00:08: disabling [mem 0x00100000-0x8fffffff] because it overlaps 0000:00:02.0 BAR 7 [mem 0x00000000-0x06ffffff 64bit pref]
Dec 06 11:42:19 henrikpc kernel: system 00:08: [mem 0xfec00000-0xfed3ffff] could not be reserved
Dec 06 11:42:19 henrikpc kernel: system 00:08: [mem 0xfed4c000-0xffffffff] could not be reserved
Dec 06 11:42:19 henrikpc kernel: pnp: PnP ACPI: found 9 devices
Dec 06 11:42:19 henrikpc kernel: clocksource: acpi_pm: mask: 0xffffff max_cycles: 0xffffff, max_idle_ns: 2085701024 ns
Dec 06 11:42:19 henrikpc kernel: NET: Registered PF_INET protocol family
Dec 06 11:42:19 henrikpc kernel: IP idents hash table entries: 262144 (order: 9, 2097152 bytes, linear)
Dec 06 11:42:19 henrikpc kernel: tcp_listen_portaddr_hash hash table entries: 8192 (order: 5, 131072 bytes, linear)
Dec 06 11:42:19 henrikpc kernel: Table-perturb hash table entries: 65536 (order: 6, 262144 bytes, linear)
Dec 06 11:42:19 henrikpc kernel: TCP established hash table entries: 131072 (order: 8, 1048576 bytes, linear)
Dec 06 11:42:19 henrikpc kernel: TCP bind hash table entries: 65536 (order: 9, 2097152 bytes, linear)
Dec 06 11:42:19 henrikpc kernel: TCP: Hash tables configured (established 131072 bind 65536)
Dec 06 11:42:19 henrikpc kernel: MPTCP token hash table entries: 16384 (order: 6, 393216 bytes, linear)
Dec 06 11:42:19 henrikpc kernel: UDP hash table entries: 8192 (order: 7, 524288 bytes, linear)
Dec 06 11:42:19 henrikpc kernel: UDP-Lite hash table entries: 8192 (order: 7, 524288 bytes, linear)
Dec 06 11:42:19 henrikpc kernel: NET: Registered PF_UNIX/PF_LOCAL protocol family
Dec 06 11:42:19 henrikpc kernel: NET: Registered PF_XDP protocol family
Dec 06 11:42:19 henrikpc kernel: pci 0000:00:06.0: bridge window [io  0x1000-0x0fff] to [bus 1c] add_size 1000
Dec 06 11:42:19 henrikpc kernel: pci 0000:00:06.0: bridge window [mem 0x00100000-0x000fffff] to [bus 1c] add_size 200000 add_align 100000
Dec 06 11:42:19 henrikpc kernel: pci 0000:00:07.0: bridge window [io  0x1000-0x0fff] to [bus 20-49] add_size 1000
Dec 06 11:42:19 henrikpc kernel: pci 0000:00:07.2: bridge window [io  0x1000-0x0fff] to [bus 50-79] add_size 1000
Dec 06 11:42:19 henrikpc kernel: pci 0000:00:1c.0: bridge window [io  0x1000-0x0fff] to [bus 1d] add_size 1000
Dec 06 11:42:19 henrikpc kernel: pci 0000:00:02.0: VF BAR 0 [mem 0x405b000000-0x4061ffffff 64bit pref]: assigned
Dec 06 11:42:19 henrikpc kernel: pci 0000:00:06.0: bridge window [mem 0x9c200000-0x9c3fffff]: assigned
Dec 06 11:42:19 henrikpc kernel: pci 0000:00:06.0: bridge window [io  0x2000-0x2fff]: assigned
Dec 06 11:42:19 henrikpc kernel: pci 0000:00:07.0: bridge window [io  0x3000-0x3fff]: assigned
Dec 06 11:42:19 henrikpc kernel: pci 0000:00:07.2: bridge window [io  0x4000-0x4fff]: assigned
Dec 06 11:42:19 henrikpc kernel: pci 0000:00:15.0: BAR 0 [mem 0x402c000000-0x402c000fff 64bit]: assigned
Dec 06 11:42:19 henrikpc kernel: pci 0000:00:1c.0: bridge window [io  0x5000-0x5fff]: assigned
Dec 06 11:42:19 henrikpc kernel: pci 0000:00:1f.5: BAR 0 [mem 0x9c400000-0x9c400fff]: assigned
Dec 06 11:42:19 henrikpc kernel: pci 0000:00:06.0: PCI bridge to [bus 1c]
Dec 06 11:42:19 henrikpc kernel: pci 0000:00:06.0:   bridge window [io  0x2000-0x2fff]
Dec 06 11:42:19 henrikpc kernel: pci 0000:00:06.0:   bridge window [mem 0x9c200000-0x9c3fffff]
Dec 06 11:42:19 henrikpc kernel: pci 0000:00:06.0:   bridge window [mem 0x4059200000-0x4059bfffff 64bit pref]
Dec 06 11:42:19 henrikpc kernel: pci 0000:00:06.1: PCI bridge to [bus 04]
Dec 06 11:42:19 henrikpc kernel: pci 0000:00:06.1:   bridge window [mem 0xaac00000-0xaacfffff]
Dec 06 11:42:19 henrikpc kernel: pci 0000:00:07.0: PCI bridge to [bus 20-49]
Dec 06 11:42:19 henrikpc kernel: pci 0000:00:07.0:   bridge window [io  0x3000-0x3fff]
Dec 06 11:42:19 henrikpc kernel: pci 0000:00:07.0:   bridge window [mem 0x9e000000-0xaa1fffff]
Dec 06 11:42:19 henrikpc kernel: pci 0000:00:07.0:   bridge window [mem 0x4010000000-0x402bffffff 64bit pref]
Dec 06 11:42:19 henrikpc kernel: pci 0000:00:07.2: PCI bridge to [bus 50-79]
Dec 06 11:42:19 henrikpc kernel: pci 0000:00:07.2:   bridge window [io  0x4000-0x4fff]
Dec 06 11:42:19 henrikpc kernel: pci 0000:00:07.2:   bridge window [mem 0x90000000-0x9c1fffff]
Dec 06 11:42:19 henrikpc kernel: pci 0000:00:07.2:   bridge window [mem 0x4030000000-0x404bffffff 64bit pref]
Dec 06 11:42:19 henrikpc kernel: pci 0000:00:1c.0: PCI bridge to [bus 1d]
Dec 06 11:42:19 henrikpc kernel: pci 0000:00:1c.0:   bridge window [io  0x5000-0x5fff]
Dec 06 11:42:19 henrikpc kernel: pci 0000:00:1c.0:   bridge window [mem 0xaa200000-0xaabfffff]
Dec 06 11:42:19 henrikpc kernel: pci 0000:00:1c.0:   bridge window [mem 0x4059c00000-0x405a5fffff 64bit pref]
Dec 06 11:42:19 henrikpc kernel: pci_bus 0000:00: resource 4 [io  0x0000-0x0cf7 window]
Dec 06 11:42:19 henrikpc kernel: pci_bus 0000:00: resource 5 [io  0x0d00-0xffff window]
Dec 06 11:42:19 henrikpc kernel: pci_bus 0000:00: resource 6 [mem 0x000a0000-0x000bffff window]
Dec 06 11:42:19 henrikpc kernel: pci_bus 0000:00: resource 7 [mem 0x90000000-0xbfffffff window]
Dec 06 11:42:19 henrikpc kernel: pci_bus 0000:00: resource 8 [mem 0x4000000000-0x3ffbfffffff window]
Dec 06 11:42:19 henrikpc kernel: pci_bus 0000:1c: resource 0 [io  0x2000-0x2fff]
Dec 06 11:42:19 henrikpc kernel: pci_bus 0000:1c: resource 1 [mem 0x9c200000-0x9c3fffff]
Dec 06 11:42:19 henrikpc kernel: pci_bus 0000:1c: resource 2 [mem 0x4059200000-0x4059bfffff 64bit pref]
Dec 06 11:42:19 henrikpc kernel: pci_bus 0000:04: resource 1 [mem 0xaac00000-0xaacfffff]
Dec 06 11:42:19 henrikpc kernel: pci_bus 0000:20: resource 0 [io  0x3000-0x3fff]
Dec 06 11:42:19 henrikpc kernel: pci_bus 0000:20: resource 1 [mem 0x9e000000-0xaa1fffff]
Dec 06 11:42:19 henrikpc kernel: pci_bus 0000:20: resource 2 [mem 0x4010000000-0x402bffffff 64bit pref]
Dec 06 11:42:19 henrikpc kernel: pci_bus 0000:50: resource 0 [io  0x4000-0x4fff]
Dec 06 11:42:19 henrikpc kernel: pci_bus 0000:50: resource 1 [mem 0x90000000-0x9c1fffff]
Dec 06 11:42:19 henrikpc kernel: pci_bus 0000:50: resource 2 [mem 0x4030000000-0x404bffffff 64bit pref]
Dec 06 11:42:19 henrikpc kernel: pci_bus 0000:1d: resource 0 [io  0x5000-0x5fff]
Dec 06 11:42:19 henrikpc kernel: pci_bus 0000:1d: resource 1 [mem 0xaa200000-0xaabfffff]
Dec 06 11:42:19 henrikpc kernel: pci_bus 0000:1d: resource 2 [mem 0x4059c00000-0x405a5fffff 64bit pref]
Dec 06 11:42:19 henrikpc kernel: pci 0000:00:0d.0: enabling device (0000 -> 0002)
Dec 06 11:42:19 henrikpc kernel: PCI: CLS 0 bytes, default 64
Dec 06 11:42:19 henrikpc kernel: DMAR: Intel-IOMMU force enabled due to platform opt in
Dec 06 11:42:19 henrikpc kernel: DMAR: No RMRR found
Dec 06 11:42:19 henrikpc kernel: DMAR: No ATSR found
Dec 06 11:42:19 henrikpc kernel: DMAR: dmar0: Using Queued invalidation
Dec 06 11:42:19 henrikpc kernel: DMAR: dmar1: Using Queued invalidation
Dec 06 11:42:19 henrikpc kernel: Trying to unpack rootfs image as initramfs...
Dec 06 11:42:19 henrikpc kernel: pci 0000:00:02.0: Adding to iommu group 0
Dec 06 11:42:19 henrikpc kernel: pci 0000:00:00.0: Adding to iommu group 1
Dec 06 11:42:19 henrikpc kernel: pci 0000:00:04.0: Adding to iommu group 2
Dec 06 11:42:19 henrikpc kernel: pci 0000:00:06.0: Adding to iommu group 3
Dec 06 11:42:19 henrikpc kernel: pci 0000:00:06.1: Adding to iommu group 4
Dec 06 11:42:19 henrikpc kernel: pci 0000:00:07.0: Adding to iommu group 5
Dec 06 11:42:19 henrikpc kernel: pci 0000:00:07.2: Adding to iommu group 6
Dec 06 11:42:19 henrikpc kernel: pci 0000:00:08.0: Adding to iommu group 7
Dec 06 11:42:19 henrikpc kernel: pci 0000:00:0a.0: Adding to iommu group 8
Dec 06 11:42:19 henrikpc kernel: pci 0000:00:0b.0: Adding to iommu group 9
Dec 06 11:42:19 henrikpc kernel: pci 0000:00:0d.0: Adding to iommu group 10
Dec 06 11:42:19 henrikpc kernel: pci 0000:00:0d.2: Adding to iommu group 10
Dec 06 11:42:19 henrikpc kernel: pci 0000:00:0d.3: Adding to iommu group 10
Dec 06 11:42:19 henrikpc kernel: pci 0000:00:14.0: Adding to iommu group 11
Dec 06 11:42:19 henrikpc kernel: pci 0000:00:14.2: Adding to iommu group 11
Dec 06 11:42:19 henrikpc kernel: pci 0000:00:14.3: Adding to iommu group 12
Dec 06 11:42:19 henrikpc kernel: pci 0000:00:15.0: Adding to iommu group 13
Dec 06 11:42:19 henrikpc kernel: pci 0000:00:16.0: Adding to iommu group 14
Dec 06 11:42:19 henrikpc kernel: pci 0000:00:1c.0: Adding to iommu group 15
Dec 06 11:42:19 henrikpc kernel: pci 0000:00:1f.0: Adding to iommu group 16
Dec 06 11:42:19 henrikpc kernel: pci 0000:00:1f.3: Adding to iommu group 16
Dec 06 11:42:19 henrikpc kernel: pci 0000:00:1f.4: Adding to iommu group 16
Dec 06 11:42:19 henrikpc kernel: pci 0000:00:1f.5: Adding to iommu group 16
Dec 06 11:42:19 henrikpc kernel: pci 0000:04:00.0: Adding to iommu group 17
Dec 06 11:42:19 henrikpc kernel: DMAR: Intel(R) Virtualization Technology for Directed I/O
Dec 06 11:42:19 henrikpc kernel: PCI-DMA: Using software bounce buffering for IO (SWIOTLB)
Dec 06 11:42:19 henrikpc kernel: software IO TLB: mapped [mem 0x0000000069b1d000-0x000000006db1d000] (64MB)
Dec 06 11:42:19 henrikpc kernel: clocksource: tsc: mask: 0xffffffffffffffff max_cycles: 0x26bef67878b, max_idle_ns: 440795293631 ns
Dec 06 11:42:19 henrikpc kernel: clocksource: Switched to clocksource tsc
Dec 06 11:42:19 henrikpc kernel: platform rtc_cmos: registered platform RTC device (no PNP device found)
Dec 06 11:42:19 henrikpc kernel: Initialise system trusted keyrings
Dec 06 11:42:19 henrikpc kernel: Key type blacklist registered
Dec 06 11:42:19 henrikpc kernel: workingset: timestamp_bits=36 max_order=22 bucket_order=0
Dec 06 11:42:19 henrikpc kernel: integrity: Platform Keyring initialized
Dec 06 11:42:19 henrikpc kernel: integrity: Machine keyring initialized
Dec 06 11:42:19 henrikpc kernel: cryptd: max_cpu_qlen set to 1000
Dec 06 11:42:19 henrikpc kernel: NET: Registered PF_ALG protocol family
Dec 06 11:42:19 henrikpc kernel: xor: automatically using best checksumming function   avx       
Dec 06 11:42:19 henrikpc kernel: Key type asymmetric registered
Dec 06 11:42:19 henrikpc kernel: Asymmetric key parser 'x509' registered
Dec 06 11:42:19 henrikpc kernel: Freeing initrd memory: 43936K
Dec 06 11:42:19 henrikpc kernel: Block layer SCSI generic (bsg) driver version 0.4 loaded (major 245)
Dec 06 11:42:19 henrikpc kernel: io scheduler mq-deadline registered
Dec 06 11:42:19 henrikpc kernel: io scheduler kyber registered
Dec 06 11:42:19 henrikpc kernel: io scheduler bfq registered
Dec 06 11:42:19 henrikpc kernel: atomic64_test: passed for x86-64 platform with CX8 and with SSE
Dec 06 11:42:19 henrikpc kernel: pcieport 0000:00:06.0: PME: Signaling with IRQ 122
Dec 06 11:42:19 henrikpc kernel: pcieport 0000:00:06.0: pciehp: Slot #8 AttnBtn- PwrCtrl- MRL- AttnInd- PwrInd- HotPlug+ Surprise+ Interlock- NoCompl+ IbPresDis- LLActRep+
Dec 06 11:42:19 henrikpc kernel: pcieport 0000:00:06.1: PME: Signaling with IRQ 123
Dec 06 11:42:19 henrikpc kernel: pcieport 0000:00:07.0: PME: Signaling with IRQ 124
Dec 06 11:42:19 henrikpc kernel: pcieport 0000:00:07.0: pciehp: Slot #12 AttnBtn- PwrCtrl- MRL- AttnInd- PwrInd- HotPlug+ Surprise+ Interlock- NoCompl+ IbPresDis- LLActRep+
Dec 06 11:42:19 henrikpc kernel: pcieport 0000:00:07.2: PME: Signaling with IRQ 125
Dec 06 11:42:19 henrikpc kernel: pcieport 0000:00:07.2: pciehp: Slot #14 AttnBtn- PwrCtrl- MRL- AttnInd- PwrInd- HotPlug+ Surprise+ Interlock- NoCompl+ IbPresDis- LLActRep+
Dec 06 11:42:19 henrikpc kernel: pcieport 0000:00:1c.0: PME: Signaling with IRQ 126
Dec 06 11:42:19 henrikpc kernel: pcieport 0000:00:1c.0: pciehp: Slot #0 AttnBtn- PwrCtrl- MRL- AttnInd- PwrInd- HotPlug+ Surprise+ Interlock- NoCompl+ IbPresDis- LLActRep+
Dec 06 11:42:19 henrikpc kernel: ACPI: AC: AC Adapter [AC] (off-line)
Dec 06 11:42:19 henrikpc kernel: input: Sleep Button as /devices/LNXSYSTM:00/LNXSYBUS:00/PNP0C0E:00/input/input0
Dec 06 11:42:19 henrikpc kernel: ACPI: button: Sleep Button [SLPB]
Dec 06 11:42:19 henrikpc kernel: input: Lid Switch as /devices/LNXSYSTM:00/LNXSYBUS:00/PNP0C0D:00/input/input1
Dec 06 11:42:19 henrikpc kernel: ACPI: button: Lid Switch [LID]
Dec 06 11:42:19 henrikpc kernel: input: Power Button as /devices/LNXSYSTM:00/LNXSYBUS:00/PNP0C0C:00/input/input2
Dec 06 11:42:19 henrikpc kernel: ACPI: button: Power Button [PWRB]
Dec 06 11:42:19 henrikpc kernel: thermal LNXTHERM:00: registered as thermal_zone0
Dec 06 11:42:19 henrikpc kernel: ACPI: thermal: Thermal Zone [THM0] (41 C)
Dec 06 11:42:19 henrikpc kernel: Serial: 8250/16550 driver, 32 ports, IRQ sharing enabled
Dec 06 11:42:19 henrikpc kernel: hpet_acpi_add: no address or irqs in _CRS
Dec 06 11:42:19 henrikpc kernel: Non-volatile memory driver v1.3
Dec 06 11:42:19 henrikpc kernel: Linux agpgart interface v0.103
Dec 06 11:42:19 henrikpc kernel: tpm_tis STM0925:00: 2.0 TPM (device-id 0x3, rev-id 0)
Dec 06 11:42:19 henrikpc kernel: ACPI: battery: Slot [BAT0] (battery present)
Dec 06 11:42:19 henrikpc kernel: ACPI: bus type drm_connector registered
Dec 06 11:42:19 henrikpc kernel: intel-lpss 0000:00:15.0: enabling device (0000 -> 0002)
Dec 06 11:42:19 henrikpc kernel: xhci_hcd 0000:00:0d.0: xHCI Host Controller
Dec 06 11:42:19 henrikpc kernel: xhci_hcd 0000:00:0d.0: new USB bus registered, assigned bus number 1
Dec 06 11:42:19 henrikpc kernel: xhci_hcd 0000:00:0d.0: hcc params 0x20007fc1 hci version 0x120 quirks 0x0000000200009810
Dec 06 11:42:19 henrikpc kernel: xhci_hcd 0000:00:0d.0: xHCI Host Controller
Dec 06 11:42:19 henrikpc kernel: xhci_hcd 0000:00:0d.0: new USB bus registered, assigned bus number 2
Dec 06 11:42:19 henrikpc kernel: xhci_hcd 0000:00:0d.0: Host supports USB 3.2 Enhanced SuperSpeed
Dec 06 11:42:19 henrikpc kernel: usb usb1: New USB device found, idVendor=1d6b, idProduct=0002, bcdDevice= 6.16
Dec 06 11:42:19 henrikpc kernel: usb usb1: New USB device strings: Mfr=3, Product=2, SerialNumber=1
Dec 06 11:42:19 henrikpc kernel: usb usb1: Product: xHCI Host Controller
Dec 06 11:42:19 henrikpc kernel: usb usb1: Manufacturer: Linux 6.16.8-200.fc42.x86_64 xhci-hcd
Dec 06 11:42:19 henrikpc kernel: usb usb1: SerialNumber: 0000:00:0d.0
Dec 06 11:42:19 henrikpc kernel: hub 1-0:1.0: USB hub found
Dec 06 11:42:19 henrikpc kernel: hub 1-0:1.0: 1 port detected
Dec 06 11:42:19 henrikpc kernel: usb usb2: New USB device found, idVendor=1d6b, idProduct=0003, bcdDevice= 6.16
Dec 06 11:42:19 henrikpc kernel: usb usb2: New USB device strings: Mfr=3, Product=2, SerialNumber=1
Dec 06 11:42:19 henrikpc kernel: usb usb2: Product: xHCI Host Controller
Dec 06 11:42:19 henrikpc kernel: usb usb2: Manufacturer: Linux 6.16.8-200.fc42.x86_64 xhci-hcd
Dec 06 11:42:19 henrikpc kernel: usb usb2: SerialNumber: 0000:00:0d.0
Dec 06 11:42:19 henrikpc kernel: hub 2-0:1.0: USB hub found
Dec 06 11:42:19 henrikpc kernel: hub 2-0:1.0: 4 ports detected
Dec 06 11:42:19 henrikpc kernel: xhci_hcd 0000:00:14.0: xHCI Host Controller
Dec 06 11:42:19 henrikpc kernel: xhci_hcd 0000:00:14.0: new USB bus registered, assigned bus number 3
Dec 06 11:42:19 henrikpc kernel: xhci_hcd 0000:00:14.0: hcc params 0x20007fc1 hci version 0x120 quirks 0x0000000200009810
Dec 06 11:42:19 henrikpc kernel: xhci_hcd 0000:00:14.0: xHCI Host Controller
Dec 06 11:42:19 henrikpc kernel: xhci_hcd 0000:00:14.0: new USB bus registered, assigned bus number 4
Dec 06 11:42:19 henrikpc kernel: xhci_hcd 0000:00:14.0: Host supports USB 3.2 Enhanced SuperSpeed
Dec 06 11:42:19 henrikpc kernel: usb usb3: New USB device found, idVendor=1d6b, idProduct=0002, bcdDevice= 6.16
Dec 06 11:42:19 henrikpc kernel: usb usb3: New USB device strings: Mfr=3, Product=2, SerialNumber=1
Dec 06 11:42:19 henrikpc kernel: usb usb3: Product: xHCI Host Controller
Dec 06 11:42:19 henrikpc kernel: usb usb3: Manufacturer: Linux 6.16.8-200.fc42.x86_64 xhci-hcd
Dec 06 11:42:19 henrikpc kernel: usb usb3: SerialNumber: 0000:00:14.0
Dec 06 11:42:19 henrikpc kernel: hub 3-0:1.0: USB hub found
Dec 06 11:42:19 henrikpc kernel: hub 3-0:1.0: 12 ports detected
Dec 06 11:42:19 henrikpc kernel: usb usb4: New USB device found, idVendor=1d6b, idProduct=0003, bcdDevice= 6.16
Dec 06 11:42:19 henrikpc kernel: usb usb4: New USB device strings: Mfr=3, Product=2, SerialNumber=1
Dec 06 11:42:19 henrikpc kernel: usb usb4: Product: xHCI Host Controller
Dec 06 11:42:19 henrikpc kernel: usb usb4: Manufacturer: Linux 6.16.8-200.fc42.x86_64 xhci-hcd
Dec 06 11:42:19 henrikpc kernel: usb usb4: SerialNumber: 0000:00:14.0
Dec 06 11:42:19 henrikpc kernel: hub 4-0:1.0: USB hub found
Dec 06 11:42:19 henrikpc kernel: hub 4-0:1.0: 2 ports detected
Dec 06 11:42:19 henrikpc kernel: usbcore: registered new interface driver usbserial_generic
Dec 06 11:42:19 henrikpc kernel: usbserial: USB Serial support registered for generic
Dec 06 11:42:19 henrikpc kernel: i8042: PNP: PS/2 Controller [PNP0303:KBD,PNP0f13:MOU] at 0x60,0x64 irq 1,12
Dec 06 11:42:19 henrikpc kernel: serio: i8042 KBD port at 0x60,0x64 irq 1
Dec 06 11:42:19 henrikpc kernel: serio: i8042 AUX port at 0x60,0x64 irq 12
Dec 06 11:42:19 henrikpc kernel: mousedev: PS/2 mouse device common for all mice
Dec 06 11:42:19 henrikpc kernel: rtc_cmos rtc_cmos: RTC can wake from S4
Dec 06 11:42:19 henrikpc kernel: rtc_cmos rtc_cmos: registered as rtc0
Dec 06 11:42:19 henrikpc kernel: rtc_cmos rtc_cmos: setting system clock to 2025-12-06T10:42:19 UTC (1765017739)
Dec 06 11:42:19 henrikpc kernel: rtc_cmos rtc_cmos: alarms up to one month, y3k, 114 bytes nvram
Dec 06 11:42:19 henrikpc kernel: input: AT Translated Set 2 keyboard as /devices/platform/i8042/serio0/input/input3
Dec 06 11:42:19 henrikpc kernel: device-mapper: core: CONFIG_IMA_DISABLE_HTABLE is disabled. Duplicate IMA measurements will not be recorded in the IMA log.
Dec 06 11:42:19 henrikpc kernel: device-mapper: uevent: version 1.0.3
Dec 06 11:42:19 henrikpc kernel: device-mapper: ioctl: 4.50.0-ioctl (2025-04-28) initialised: dm-devel@lists.linux.dev
Dec 06 11:42:19 henrikpc kernel: intel_pstate: Intel P-state driver initializing
Dec 06 11:42:19 henrikpc kernel: intel_pstate: HWP enabled
Dec 06 11:42:19 henrikpc kernel: simple-framebuffer simple-framebuffer.0: [drm] Registered 1 planes with drm panic
Dec 06 11:42:19 henrikpc kernel: [drm] Initialized simpledrm 1.0.0 for simple-framebuffer.0 on minor 0
Dec 06 11:42:19 henrikpc kernel: fbcon: Deferring console take-over
Dec 06 11:42:19 henrikpc kernel: simple-framebuffer simple-framebuffer.0: [drm] fb0: simpledrmdrmfb frame buffer device
Dec 06 11:42:19 henrikpc kernel: hid: raw HID events driver (C) Jiri Kosina
Dec 06 11:42:19 henrikpc kernel: usbcore: registered new interface driver usbhid
Dec 06 11:42:19 henrikpc kernel: usbhid: USB HID core driver
Dec 06 11:42:19 henrikpc kernel: drop_monitor: Initializing network drop monitor service
Dec 06 11:42:19 henrikpc kernel: Initializing XFRM netlink socket
Dec 06 11:42:19 henrikpc kernel: NET: Registered PF_INET6 protocol family
Dec 06 11:42:19 henrikpc kernel: Segment Routing with IPv6
Dec 06 11:42:19 henrikpc kernel: RPL Segment Routing with IPv6
Dec 06 11:42:19 henrikpc kernel: In-situ OAM (IOAM) with IPv6
Dec 06 11:42:19 henrikpc kernel: mip6: Mobile IPv6
Dec 06 11:42:19 henrikpc kernel: NET: Registered PF_PACKET protocol family
Dec 06 11:42:19 henrikpc kernel: ENERGY_PERF_BIAS: Set to 'normal', was 'performance'
Dec 06 11:42:19 henrikpc kernel: microcode: Current revision: 0x00000024
Dec 06 11:42:19 henrikpc kernel: IPI shorthand broadcast: enabled
Dec 06 11:42:19 henrikpc kernel: sched_clock: Marking stable (1816000759, 6167271)->(1858248594, -36080564)
Dec 06 11:42:19 henrikpc kernel: registered taskstats version 1
Dec 06 11:42:19 henrikpc kernel: Loading compiled-in X.509 certificates
Dec 06 11:42:19 henrikpc kernel: Loaded X.509 cert 'Fedora kernel signing key: aa041064f004a5cc3ad2ddcc53da486c4a8821d6'
Dec 06 11:42:19 henrikpc kernel: Loaded X.509 cert 'Fedora IMA CA: a8a00c31663f853f9c6ff2564872e378af026b28'
Dec 06 11:42:19 henrikpc kernel: Demotion targets for Node 0: null
Dec 06 11:42:19 henrikpc kernel: page_owner is disabled
Dec 06 11:42:19 henrikpc kernel: Key type .fscrypt registered
Dec 06 11:42:19 henrikpc kernel: Key type fscrypt-provisioning registered
Dec 06 11:42:19 henrikpc kernel: Btrfs loaded, zoned=yes, fsverity=yes
Dec 06 11:42:19 henrikpc kernel: Key type big_key registered
Dec 06 11:42:19 henrikpc kernel: Key type trusted registered
Dec 06 11:42:19 henrikpc kernel: Key type encrypted registered
Dec 06 11:42:19 henrikpc kernel: integrity: Loading X.509 certificate: UEFI:db
Dec 06 11:42:19 henrikpc kernel: integrity: Loaded X.509 cert 'Lenovo Ltd.: ThinkPad Product CA 2012: 838b1f54c1550463f45f98700640f11069265949'
Dec 06 11:42:19 henrikpc kernel: integrity: Loading X.509 certificate: UEFI:db
Dec 06 11:42:19 henrikpc kernel: integrity: Loaded X.509 cert 'Lenovo UEFI CA 2014: 4b91a68732eaefdd2c8ffffc6b027ec3449e9c8f'
Dec 06 11:42:19 henrikpc kernel: integrity: Loading X.509 certificate: UEFI:db
Dec 06 11:42:19 henrikpc kernel: integrity: Loaded X.509 cert 'Microsoft Windows Production PCA 2011: a92902398e16c49778cd90f99e4f9ae17c55af53'
Dec 06 11:42:19 henrikpc kernel: integrity: Loading X.509 certificate: UEFI:db
Dec 06 11:42:19 henrikpc kernel: integrity: Loaded X.509 cert 'Microsoft Corporation: Windows UEFI CA 2023: aefc5fbbbe055d8f8daa585473499417ab5a5272'
Dec 06 11:42:19 henrikpc kernel: Loading compiled-in module X.509 certificates
Dec 06 11:42:19 henrikpc kernel: Loaded X.509 cert 'Fedora kernel signing key: aa041064f004a5cc3ad2ddcc53da486c4a8821d6'
Dec 06 11:42:19 henrikpc kernel: ima: Allocated hash algorithm: sha256
Dec 06 11:42:19 henrikpc kernel: ima: No architecture policies found
Dec 06 11:42:19 henrikpc kernel: evm: Initialising EVM extended attributes:
Dec 06 11:42:19 henrikpc kernel: evm: security.selinux
Dec 06 11:42:19 henrikpc kernel: evm: security.SMACK64 (disabled)
Dec 06 11:42:19 henrikpc kernel: evm: security.SMACK64EXEC (disabled)
Dec 06 11:42:19 henrikpc kernel: evm: security.SMACK64TRANSMUTE (disabled)
Dec 06 11:42:19 henrikpc kernel: evm: security.SMACK64MMAP (disabled)
Dec 06 11:42:19 henrikpc kernel: evm: security.apparmor (disabled)
Dec 06 11:42:19 henrikpc kernel: evm: security.ima
Dec 06 11:42:19 henrikpc kernel: evm: security.capability
Dec 06 11:42:19 henrikpc kernel: evm: HMAC attrs: 0x1
Dec 06 11:42:19 henrikpc kernel: alg: No test for 842 (842-scomp)
Dec 06 11:42:19 henrikpc kernel: PM:   Magic number: 5:232:729
Dec 06 11:42:19 henrikpc kernel: RAS: Correctable Errors collector initialized.
Dec 06 11:42:19 henrikpc kernel: clk: Disabling unused clocks
Dec 06 11:42:19 henrikpc kernel: PM: genpd: Disabling unused power domains
Dec 06 11:42:19 henrikpc kernel: Freeing unused decrypted memory: 2028K
Dec 06 11:42:19 henrikpc kernel: Freeing unused kernel image (initmem) memory: 5088K
Dec 06 11:42:19 henrikpc kernel: Write protecting the kernel read-only data: 40960k
Dec 06 11:42:19 henrikpc kernel: Freeing unused kernel image (text/rodata gap) memory: 712K
Dec 06 11:42:19 henrikpc kernel: Freeing unused kernel image (rodata/data gap) memory: 652K
Dec 06 11:42:19 henrikpc kernel: x86/mm: Checked W+X mappings: passed, no W+X pages found.
Dec 06 11:42:19 henrikpc kernel: Run /init as init process
Dec 06 11:42:19 henrikpc kernel:   with arguments:
Dec 06 11:42:19 henrikpc kernel:     /init
Dec 06 11:42:19 henrikpc kernel:     rhgb
Dec 06 11:42:19 henrikpc kernel:   with environment:
Dec 06 11:42:19 henrikpc kernel:     HOME=/
Dec 06 11:42:19 henrikpc kernel:     TERM=linux
Dec 06 11:42:19 henrikpc kernel:     BOOT_IMAGE=(hd0,gpt2)/vmlinuz-6.16.8-200.fc42.x86_64
Dec 06 11:42:19 henrikpc systemd[1]: Successfully made /usr/ read-only.
Dec 06 11:42:19 henrikpc systemd[1]: systemd 257.9-2.fc42 running in system mode (+PAM +AUDIT +SELINUX -APPARMOR +IMA +IPE +SMACK +SECCOMP -GCRYPT +GNUTLS +OPENSSL +ACL +BLKID +CURL +ELFUTILS +FIDO2 +IDN2 -IDN -IPTC +KMOD +LIBCRYPTSETUP +LIBCRYPTSETUP_PLUGINS +LIBFDISK +PCRE2 +PWQUALITY +P11KIT +QRENCODE +TPM2 +BZIP2 +LZ4 +XZ +ZLIB +ZSTD +BPF_FRAMEWORK +BTF +XKBCOMMON +UTMP +SYSVINIT +LIBARCHIVE)
Dec 06 11:42:19 henrikpc systemd[1]: Detected architecture x86-64.
Dec 06 11:42:19 henrikpc systemd[1]: Running in initrd.
Dec 06 11:42:19 henrikpc systemd[1]: Hostname set to <henrikpc>.
Dec 06 11:42:19 henrikpc kernel: usb 3-4: new full-speed USB device number 2 using xhci_hcd
Dec 06 11:42:19 henrikpc kernel: psmouse serio1: trackpoint: Elan TrackPoint firmware: 0x00, buttons: 3/3
Dec 06 11:42:19 henrikpc kernel: input: TPPS/2 Elan TrackPoint as /devices/platform/i8042/serio1/input/input5
Dec 06 11:42:19 henrikpc kernel: usb 3-4: New USB device found, idVendor=2ce3, idProduct=9563, bcdDevice= 1.20
Dec 06 11:42:19 henrikpc kernel: usb 3-4: New USB device strings: Mfr=1, Product=2, SerialNumber=0
Dec 06 11:42:19 henrikpc kernel: usb 3-4: Product: EMV Smartcard Reader
Dec 06 11:42:19 henrikpc kernel: usb 3-4: Manufacturer: Generic
Dec 06 11:42:19 henrikpc systemd[1]: bpf-restrict-fs: LSM BPF program attached
Dec 06 11:42:19 henrikpc systemd[1]: Queued start job for default target initrd.target.
Dec 06 11:42:19 henrikpc systemd[1]: Expecting device dev-disk-by\x2duuid-6dcb36cb\x2db19c\x2d411d\x2db7d1\x2d156391ddb9f3.device - /dev/disk/by-uuid/6dcb36cb-b19c-411d-b7d1-156391ddb9f3...
Dec 06 11:42:19 henrikpc systemd[1]: Reached target initrd-usr-fs.target - Initrd /usr File System.
Dec 06 11:42:19 henrikpc systemd[1]: Reached target slices.target - Slice Units.
Dec 06 11:42:19 henrikpc systemd[1]: Reached target swap.target - Swaps.
Dec 06 11:42:19 henrikpc systemd[1]: Reached target timers.target - Timer Units.
Dec 06 11:42:19 henrikpc systemd[1]: Listening on systemd-journald-dev-log.socket - Journal Socket (/dev/log).
Dec 06 11:42:19 henrikpc systemd[1]: Listening on systemd-journald.socket - Journal Sockets.
Dec 06 11:42:19 henrikpc systemd[1]: Listening on systemd-udevd-control.socket - udev Control Socket.
Dec 06 11:42:19 henrikpc systemd[1]: Listening on systemd-udevd-kernel.socket - udev Kernel Socket.
Dec 06 11:42:19 henrikpc systemd[1]: Reached target sockets.target - Socket Units.
Dec 06 11:42:19 henrikpc systemd[1]: Starting kmod-static-nodes.service - Create List of Static Device Nodes...
Dec 06 11:42:19 henrikpc systemd[1]: memstrack.service - Memstrack Anylazing Service was skipped because no trigger condition checks were met.
Dec 06 11:42:19 henrikpc systemd[1]: Starting systemd-journald.service - Journal Service...
Dec 06 11:42:19 henrikpc systemd[1]: Starting systemd-modules-load.service - Load Kernel Modules...
Dec 06 11:42:19 henrikpc systemd[1]: systemd-pcrphase-initrd.service - TPM PCR Barrier (initrd) was skipped because of an unmet condition check (ConditionSecurity=measured-uki).
Dec 06 11:42:19 henrikpc systemd[1]: Starting systemd-vconsole-setup.service - Virtual Console Setup...
Dec 06 11:42:19 henrikpc systemd[1]: Finished kmod-static-nodes.service - Create List of Static Device Nodes.
Dec 06 11:42:19 henrikpc systemd[1]: Starting systemd-tmpfiles-setup-dev-early.service - Create Static Device Nodes in /dev gracefully...
Dec 06 11:42:19 henrikpc systemd-journald[306]: Collecting audit messages is disabled.
Dec 06 11:42:19 henrikpc systemd[1]: Finished systemd-tmpfiles-setup-dev-early.service - Create Static Device Nodes in /dev gracefully.
Dec 06 11:42:19 henrikpc systemd[1]: Starting systemd-sysusers.service - Create System Users...
Dec 06 11:42:19 henrikpc systemd[1]: Finished systemd-sysusers.service - Create System Users.
Dec 06 11:42:19 henrikpc systemd[1]: Finished systemd-vconsole-setup.service - Virtual Console Setup.
Dec 06 11:42:19 henrikpc systemd[1]: Starting dracut-cmdline-ask.service - dracut ask for additional cmdline parameters...
Dec 06 11:42:19 henrikpc systemd[1]: Starting systemd-tmpfiles-setup-dev.service - Create Static Device Nodes in /dev...
Dec 06 11:42:19 henrikpc kernel: fuse: init (API version 7.44)
Dec 06 11:42:19 henrikpc systemd[1]: Started systemd-journald.service - Journal Service.
Dec 06 11:42:19 henrikpc kernel: i2c_dev: i2c /dev entries driver
Dec 06 11:42:19 henrikpc kernel: usb 3-7: new full-speed USB device number 3 using xhci_hcd
Dec 06 11:42:20 henrikpc kernel: usb 3-7: New USB device found, idVendor=06cb, idProduct=00f9, bcdDevice= 0.00
Dec 06 11:42:20 henrikpc kernel: usb 3-7: New USB device strings: Mfr=0, Product=0, SerialNumber=1
Dec 06 11:42:20 henrikpc kernel: usb 3-7: SerialNumber: b5f605823542
Dec 06 11:42:20 henrikpc kernel: intel_vsec 0000:00:0a.0: enabling device (0000 -> 0002)
Dec 06 11:42:20 henrikpc kernel: ACPI: bus type thunderbolt registered
Dec 06 11:42:20 henrikpc kernel: intel_vpu 0000:00:0b.0: enabling device (0000 -> 0002)
Dec 06 11:42:20 henrikpc kernel: Key type psk registered
Dec 06 11:42:20 henrikpc kernel: usb 3-9: new high-speed USB device number 4 using xhci_hcd
Dec 06 11:42:20 henrikpc kernel: intel_vpu 0000:00:0b.0: [drm] Firmware: intel/vpu/vpu_37xx_v1.bin, version: 20250611*MTL_CLIENT_SILICON-NVR+NN-deployment*5437076a64c995fd1fbe21c3019f522b56db98f9*5437076a64c995fd1fbe21c3019f522b56db98f9*5437076a64c
Dec 06 11:42:20 henrikpc kernel: intel_vpu 0000:00:0b.0: [drm] Scheduler mode: HW
Dec 06 11:42:20 henrikpc kernel: input: ELAN06C0:00 04F3:3195 Mouse as /devices/pci0000:00/0000:00:15.0/i2c_designware.0/i2c-0/i2c-ELAN06C0:00/0018:04F3:3195.0001/input/input6
Dec 06 11:42:20 henrikpc kernel: input: ELAN06C0:00 04F3:3195 Touchpad as /devices/pci0000:00/0000:00:15.0/i2c_designware.0/i2c-0/i2c-ELAN06C0:00/0018:04F3:3195.0001/input/input8
Dec 06 11:42:20 henrikpc kernel: hid-generic 0018:04F3:3195.0001: input,hidraw0: I2C HID v1.00 Mouse [ELAN06C0:00 04F3:3195] on i2c-ELAN06C0:00
Dec 06 11:42:20 henrikpc kernel: nvme 0000:04:00.0: platform quirk: setting simple suspend
Dec 06 11:42:20 henrikpc kernel: nvme nvme0: pci function 0000:04:00.0
Dec 06 11:42:20 henrikpc kernel: usb 3-9: New USB device found, idVendor=30c9, idProduct=00cd, bcdDevice=10.09
Dec 06 11:42:20 henrikpc kernel: usb 3-9: New USB device strings: Mfr=3, Product=1, SerialNumber=2
Dec 06 11:42:20 henrikpc kernel: usb 3-9: Product: Integrated Camera
Dec 06 11:42:20 henrikpc kernel: usb 3-9: Manufacturer: 8SSC21K64624V1SR455262P
Dec 06 11:42:20 henrikpc kernel: usb 3-9: SerialNumber: 0001
Dec 06 11:42:20 henrikpc kernel: [drm] Initialized intel_vpu 1.0.0 for 0000:00:0b.0 on minor 0
Dec 06 11:42:20 henrikpc kernel: nvme nvme0: allocated 64 MiB host memory buffer (16 segments).
Dec 06 11:42:20 henrikpc kernel: nvme nvme0: 14/0/0 default/read/poll queues
Dec 06 11:42:20 henrikpc kernel:  nvme0n1: p1 p2 p3
Dec 06 11:42:20 henrikpc kernel: input: ELAN06C0:00 04F3:3195 Mouse as /devices/pci0000:00/0000:00:15.0/i2c_designware.0/i2c-0/i2c-ELAN06C0:00/0018:04F3:3195.0001/input/input9
Dec 06 11:42:20 henrikpc kernel: input: ELAN06C0:00 04F3:3195 Touchpad as /devices/pci0000:00/0000:00:15.0/i2c_designware.0/i2c-0/i2c-ELAN06C0:00/0018:04F3:3195.0001/input/input11
Dec 06 11:42:20 henrikpc kernel: hid-multitouch 0018:04F3:3195.0001: input,hidraw0: I2C HID v1.00 Mouse [ELAN06C0:00 04F3:3195] on i2c-ELAN06C0:00
Dec 06 11:42:20 henrikpc kernel: usb 3-10: new full-speed USB device number 5 using xhci_hcd
Dec 06 11:42:20 henrikpc kernel: typec port0: bound usb3-port3 (ops connector_ops)
Dec 06 11:42:20 henrikpc kernel: typec port0: bound usb2-port1 (ops connector_ops)
Dec 06 11:42:20 henrikpc kernel: typec port0: bound usb4_port1 (ops connector_ops [thunderbolt])
Dec 06 11:42:20 henrikpc kernel: usb 3-10: New USB device found, idVendor=8087, idProduct=0033, bcdDevice= 0.00
Dec 06 11:42:20 henrikpc kernel: usb 3-10: New USB device strings: Mfr=0, Product=0, SerialNumber=0
Dec 06 11:42:20 henrikpc kernel: typec port1: bound usb3-port6 (ops connector_ops)
Dec 06 11:42:20 henrikpc kernel: typec port1: bound usb2-port2 (ops connector_ops)
Dec 06 11:42:20 henrikpc kernel: typec port1: bound usb4_port3 (ops connector_ops [thunderbolt])
Dec 06 11:42:20 henrikpc kernel: Setting dangerous option enable_psr - tainting kernel
Dec 06 11:42:20 henrikpc kernel: i915 0000:00:02.0: [drm] Found meteorlake/u (device ID 7d45) integrated display version 14.00 stepping C0
Dec 06 11:42:20 henrikpc kernel: i915 0000:00:02.0: [drm] VT-d active for gfx access
Dec 06 11:42:20 henrikpc kernel: i915 0000:00:02.0: vgaarb: deactivate vga console
Dec 06 11:42:20 henrikpc kernel: i915 0000:00:02.0: [drm] Using Transparent Hugepages
Dec 06 11:42:20 henrikpc kernel: i915 0000:00:02.0: vgaarb: VGA decodes changed: olddecodes=io+mem,decodes=io+mem:owns=io+mem
Dec 06 11:42:20 henrikpc kernel: i915 0000:00:02.0: [drm] Finished loading DMC firmware i915/mtl_dmc.bin (v2.23)
Dec 06 11:42:20 henrikpc kernel: BTRFS: device label fedora devid 1 transid 12844 /dev/nvme0n1p3 (259:3) scanned by mount (527)
Dec 06 11:42:20 henrikpc kernel: BTRFS info (device nvme0n1p3): first mount of filesystem 6dcb36cb-b19c-411d-b7d1-156391ddb9f3
Dec 06 11:42:20 henrikpc kernel: BTRFS info (device nvme0n1p3): using crc32c (crc32c-x86_64) checksum algorithm
Dec 06 11:42:20 henrikpc kernel: BTRFS info (device nvme0n1p3): enabling ssd optimizations
Dec 06 11:42:20 henrikpc kernel: BTRFS info (device nvme0n1p3): turning on async discard
Dec 06 11:42:20 henrikpc kernel: BTRFS info (device nvme0n1p3): enabling free space tree
Dec 06 11:42:21 henrikpc kernel: i915 0000:00:02.0: [drm] GT0: GuC firmware i915/mtl_guc_70.bin version 70.44.1
Dec 06 11:42:21 henrikpc kernel: i915 0000:00:02.0: [drm] GT0: GUC: submission enabled
Dec 06 11:42:21 henrikpc kernel: i915 0000:00:02.0: [drm] GT0: GUC: SLPC enabled
Dec 06 11:42:21 henrikpc kernel: i915 0000:00:02.0: [drm] GT0: GUC: RC enabled
Dec 06 11:42:21 henrikpc kernel: i915 0000:00:02.0: [drm] GT1: GuC firmware i915/mtl_guc_70.bin version 70.44.1
Dec 06 11:42:21 henrikpc kernel: i915 0000:00:02.0: [drm] GT1: HuC firmware i915/mtl_huc_gsc.bin version 8.5.4
Dec 06 11:42:21 henrikpc kernel: i915 0000:00:02.0: [drm] GT1: HuC: authenticated for clear media
Dec 06 11:42:21 henrikpc kernel: i915 0000:00:02.0: [drm] GT1: GUC: submission enabled
Dec 06 11:42:21 henrikpc kernel: i915 0000:00:02.0: [drm] GT1: GUC: SLPC enabled
Dec 06 11:42:21 henrikpc kernel: i915 0000:00:02.0: [drm] GT1: GUC: RC enabled
Dec 06 11:42:21 henrikpc kernel: i915 0000:00:02.0: [drm] Protected Xe Path (PXP) protected content support initialized
Dec 06 11:42:21 henrikpc kernel: [drm] Initialized i915 1.6.0 for 0000:00:02.0 on minor 1
Dec 06 11:42:21 henrikpc kernel: ACPI: video: Video Device [GFX0] (multi-head: yes  rom: no  post: no)
Dec 06 11:42:21 henrikpc kernel: input: Video Bus as /devices/LNXSYSTM:00/LNXSYBUS:00/PNP0A08:00/LNXVIDEO:00/input/input12
Dec 06 11:42:21 henrikpc kernel: fbcon: i915drmfb (fb0) is primary device
Dec 06 11:42:21 henrikpc kernel: fbcon: Deferring console take-over
Dec 06 11:42:21 henrikpc kernel: i915 0000:00:02.0: [drm] fb0: i915drmfb frame buffer device
Dec 06 11:42:21 henrikpc kernel: i915 0000:00:02.0: [drm] GT1: Loaded GSC firmware i915/mtl_gsc_1.bin (cv1.0, r102.1.15.1926, svn 1)
Dec 06 11:42:21 henrikpc kernel: i915 0000:00:02.0: [drm] GT1: HuC: authenticated for all workloads
Dec 06 10:42:22 henrikpc systemd-journald[306]: Received SIGTERM from PID 1 (systemd).
Dec 06 10:42:22 henrikpc kernel: audit: type=1404 audit(1765017741.502:2): enforcing=1 old_enforcing=0 auid=4294967295 ses=4294967295 enabled=1 old-enabled=1 lsm=selinux res=1
Dec 06 10:42:22 henrikpc kernel: SELinux:  Permission firmware_load in class system not defined in policy.
Dec 06 10:42:22 henrikpc kernel: SELinux:  Permission kexec_image_load in class system not defined in policy.
Dec 06 10:42:22 henrikpc kernel: SELinux:  Permission kexec_initramfs_load in class system not defined in policy.
Dec 06 10:42:22 henrikpc kernel: SELinux:  Permission policy_load in class system not defined in policy.
Dec 06 10:42:22 henrikpc kernel: SELinux:  Permission x509_certificate_load in class system not defined in policy.
Dec 06 10:42:22 henrikpc kernel: SELinux:  Permission allowed in class io_uring not defined in policy.
Dec 06 10:42:22 henrikpc kernel: SELinux: the above unknown classes and permissions will be allowed
Dec 06 10:42:22 henrikpc kernel: SELinux:  policy capability network_peer_controls=1
Dec 06 10:42:22 henrikpc kernel: SELinux:  policy capability open_perms=1
Dec 06 10:42:22 henrikpc kernel: SELinux:  policy capability extended_socket_class=1
Dec 06 10:42:22 henrikpc kernel: SELinux:  policy capability always_check_network=0
Dec 06 10:42:22 henrikpc kernel: SELinux:  policy capability cgroup_seclabel=1
Dec 06 10:42:22 henrikpc kernel: SELinux:  policy capability nnp_nosuid_transition=1
Dec 06 10:42:22 henrikpc kernel: SELinux:  policy capability genfs_seclabel_symlinks=1
Dec 06 10:42:22 henrikpc kernel: SELinux:  policy capability ioctl_skip_cloexec=0
Dec 06 10:42:22 henrikpc kernel: SELinux:  policy capability userspace_initial_context=0
Dec 06 10:42:22 henrikpc kernel: SELinux:  policy capability netlink_xperm=0
Dec 06 10:42:22 henrikpc kernel: SELinux:  policy capability netif_wildcard=0
Dec 06 10:42:22 henrikpc kernel: SELinux:  policy capability genfs_seclabel_wildcard=0
Dec 06 10:42:22 henrikpc kernel: audit: type=1403 audit(1765017741.580:3): auid=4294967295 ses=4294967295 lsm=selinux res=1
Dec 06 10:42:22 henrikpc systemd[1]: Successfully loaded SELinux policy in 79.542ms.
Dec 06 10:42:22 henrikpc systemd[1]: RTC configured in localtime, applying delta of 60 minutes to system time.
Dec 06 10:42:22 henrikpc systemd[1]: Relabeled /dev/, /dev/shm/, /run/ in 4.859ms.
Dec 06 10:42:22 henrikpc systemd[1]: systemd 257.9-2.fc42 running in system mode (+PAM +AUDIT +SELINUX -APPARMOR +IMA +IPE +SMACK +SECCOMP -GCRYPT +GNUTLS +OPENSSL +ACL +BLKID +CURL +ELFUTILS +FIDO2 +IDN2 -IDN -IPTC +KMOD +LIBCRYPTSETUP +LIBCRYPTSETUP_PLUGINS +LIBFDISK +PCRE2 +PWQUALITY +P11KIT +QRENCODE +TPM2 +BZIP2 +LZ4 +XZ +ZLIB +ZSTD +BPF_FRAMEWORK +BTF +XKBCOMMON +UTMP +SYSVINIT +LIBARCHIVE)
Dec 06 10:42:22 henrikpc systemd[1]: Detected architecture x86-64.
Dec 06 10:42:22 henrikpc systemd[1]: bpf-restrict-fs: LSM BPF program attached
Dec 06 10:42:22 henrikpc kernel: zram: Added device: zram0
Dec 06 10:42:22 henrikpc systemd[1]: initrd-switch-root.service: Deactivated successfully.
Dec 06 10:42:22 henrikpc systemd[1]: Stopped initrd-switch-root.service - Switch Root.
Dec 06 10:42:22 henrikpc systemd[1]: systemd-journald.service: Scheduled restart job, restart counter is at 1.
Dec 06 10:42:22 henrikpc systemd[1]: Created slice machine.slice - Virtual Machine and Container Slice.
Dec 06 10:42:22 henrikpc systemd[1]: Created slice system-getty.slice - Slice /system/getty.
Dec 06 10:42:22 henrikpc systemd[1]: Created slice system-systemd\x2dfsck.slice - Slice /system/systemd-fsck.
Dec 06 10:42:22 henrikpc systemd[1]: Created slice system-systemd\x2dzram\x2dsetup.slice - Slice /system/systemd-zram-setup.
Dec 06 10:42:22 henrikpc systemd[1]: Created slice user.slice - User and Session Slice.
Dec 06 10:42:22 henrikpc systemd[1]: systemd-ask-password-console.path - Dispatch Password Requests to Console Directory Watch was skipped because of an unmet condition check (ConditionPathExists=!/run/plymouth/pid).
Dec 06 10:42:22 henrikpc systemd[1]: Started systemd-ask-password-wall.path - Forward Password Requests to Wall Directory Watch.
Dec 06 10:42:22 henrikpc systemd[1]: Set up automount proc-sys-fs-binfmt_misc.automount - Arbitrary Executable File Formats File System Automount Point.
Dec 06 10:42:22 henrikpc systemd[1]: Expecting device dev-disk-by\x2duuid-6dcb36cb\x2db19c\x2d411d\x2db7d1\x2d156391ddb9f3.device - /dev/disk/by-uuid/6dcb36cb-b19c-411d-b7d1-156391ddb9f3...
Dec 06 10:42:22 henrikpc systemd[1]: Expecting device dev-disk-by\x2duuid-DE94\x2dC556.device - /dev/disk/by-uuid/DE94-C556...
Dec 06 10:42:22 henrikpc systemd[1]: Expecting device dev-disk-by\x2duuid-a8878eb3\x2d60d4\x2d43c3\x2d9d7b\x2df2912bcfe69f.device - /dev/disk/by-uuid/a8878eb3-60d4-43c3-9d7b-f2912bcfe69f...
Dec 06 10:42:22 henrikpc systemd[1]: Expecting device dev-zram0.device - /dev/zram0...
Dec 06 10:42:22 henrikpc systemd[1]: Reached target cryptsetup.target - Local Encrypted Volumes.
Dec 06 10:42:22 henrikpc systemd[1]: Reached target getty.target - Login Prompts.
Dec 06 10:42:22 henrikpc systemd[1]: Stopped target initrd-switch-root.target - Switch Root.
Dec 06 10:42:22 henrikpc systemd[1]: Stopped target initrd-fs.target - Initrd File Systems.
Dec 06 10:42:22 henrikpc systemd[1]: Stopped target initrd-root-fs.target - Initrd Root File System.
Dec 06 10:42:22 henrikpc systemd[1]: Reached target integritysetup.target - Local Integrity Protected Volumes.
Dec 06 10:42:22 henrikpc systemd[1]: Reached target slices.target - Slice Units.
Dec 06 10:42:22 henrikpc systemd[1]: Reached target veritysetup.target - Local Verity Protected Volumes.
Dec 06 10:42:22 henrikpc systemd[1]: Listening on dm-event.socket - Device-mapper event daemon FIFOs.
Dec 06 10:42:22 henrikpc systemd[1]: Listening on lvm2-lvmpolld.socket - LVM2 poll daemon socket.
Dec 06 10:42:22 henrikpc systemd[1]: Listening on systemd-coredump.socket - Process Core Dump Socket.
Dec 06 10:42:22 henrikpc systemd[1]: Listening on systemd-creds.socket - Credential Encryption/Decryption.
Dec 06 10:42:22 henrikpc systemd[1]: Listening on systemd-initctl.socket - initctl Compatibility Named Pipe.
Dec 06 10:42:22 henrikpc systemd[1]: Listening on systemd-journald-audit.socket - Journal Audit Socket.
Dec 06 10:42:22 henrikpc systemd[1]: Listening on systemd-oomd.socket - Userspace Out-Of-Memory (OOM) Killer Socket.
Dec 06 10:42:22 henrikpc systemd[1]: systemd-pcrextend.socket - TPM PCR Measurements was skipped because of an unmet condition check (ConditionSecurity=measured-uki).
Dec 06 10:42:22 henrikpc systemd[1]: systemd-pcrlock.socket - Make TPM PCR Policy was skipped because of an unmet condition check (ConditionSecurity=measured-uki).
Dec 06 10:42:22 henrikpc systemd[1]: Listening on systemd-udevd-control.socket - udev Control Socket.
Dec 06 10:42:22 henrikpc systemd[1]: Listening on systemd-udevd-kernel.socket - udev Kernel Socket.
Dec 06 10:42:22 henrikpc systemd[1]: Listening on systemd-userdbd.socket - User Database Manager Socket.
Dec 06 10:42:22 henrikpc systemd[1]: Mounting dev-hugepages.mount - Huge Pages File System...
Dec 06 10:42:22 henrikpc systemd[1]: Mounting dev-mqueue.mount - POSIX Message Queue File System...
Dec 06 10:42:22 henrikpc systemd[1]: Mounting sys-kernel-debug.mount - Kernel Debug File System...
Dec 06 10:42:22 henrikpc systemd[1]: Mounting sys-kernel-tracing.mount - Kernel Trace File System...
Dec 06 10:42:22 henrikpc systemd[1]: auth-rpcgss-module.service - Kernel Module supporting RPCSEC_GSS was skipped because of an unmet condition check (ConditionPathExists=/etc/krb5.keytab).
Dec 06 10:42:22 henrikpc systemd[1]: fips-crypto-policy-overlay.service - Bind-mount FIPS crypto-policy in FIPS mode was skipped because of an unmet condition check (ConditionKernelCommandLine=fips=1).
Dec 06 10:42:22 henrikpc systemd[1]: iscsi-starter.service was skipped because of an unmet condition check (ConditionDirectoryNotEmpty=/var/lib/iscsi/nodes).
Dec 06 10:42:22 henrikpc systemd[1]: Starting kmod-static-nodes.service - Create List of Static Device Nodes...
Dec 06 10:42:22 henrikpc systemd[1]: Starting lvm2-monitor.service - Monitoring of LVM2 mirrors, snapshots etc. using dmeventd or progress polling...
Dec 06 10:42:22 henrikpc systemd[1]: Starting modprobe@configfs.service - Load Kernel Module configfs...
Dec 06 10:42:22 henrikpc systemd[1]: Starting modprobe@dm_mod.service - Load Kernel Module dm_mod...
Dec 06 10:42:22 henrikpc systemd[1]: Starting modprobe@drm.service - Load Kernel Module drm...
Dec 06 10:42:22 henrikpc systemd[1]: Starting modprobe@efi_pstore.service - Load Kernel Module efi_pstore...
Dec 06 10:42:22 henrikpc systemd[1]: Starting modprobe@fuse.service - Load Kernel Module fuse...
Dec 06 10:42:22 henrikpc systemd[1]: Starting modprobe@loop.service - Load Kernel Module loop...
Dec 06 10:42:22 henrikpc systemd[1]: plymouth-switch-root.service: Deactivated successfully.
Dec 06 10:42:22 henrikpc systemd[1]: Stopped plymouth-switch-root.service - Plymouth switch root service.
Dec 06 10:42:22 henrikpc systemd[1]: systemd-fsck-root.service: Deactivated successfully.
Dec 06 10:42:22 henrikpc systemd[1]: Stopped systemd-fsck-root.service - File System Check on Root Device.
Dec 06 10:42:22 henrikpc systemd[1]: systemd-hibernate-clear.service - Clear Stale Hibernate Storage Info was skipped because of an unmet condition check (ConditionPathExists=/sys/firmware/efi/efivars/HibernateLocation-8cf2644b-4b0b-428f-9387-6d876050dc67).
Dec 06 10:42:22 henrikpc systemd[1]: Starting systemd-journald.service - Journal Service...
Dec 06 10:42:22 henrikpc systemd[1]: Starting systemd-modules-load.service - Load Kernel Modules...
Dec 06 10:42:22 henrikpc systemd[1]: systemd-pcrmachine.service - TPM PCR Machine ID Measurement was skipped because of an unmet condition check (ConditionSecurity=measured-uki).
Dec 06 10:42:22 henrikpc systemd[1]: Starting systemd-remount-fs.service - Remount Root and Kernel File Systems...
Dec 06 10:42:22 henrikpc systemd[1]: systemd-tpm2-setup-early.service - Early TPM SRK Setup was skipped because of an unmet condition check (ConditionSecurity=measured-uki).
Dec 06 10:42:22 henrikpc systemd[1]: Starting systemd-udev-load-credentials.service - Load udev Rules from Credentials...
Dec 06 10:42:22 henrikpc systemd[1]: Starting systemd-udev-trigger.service - Coldplug All udev Devices...
Dec 06 10:42:22 henrikpc kernel: loop: module loaded
Dec 06 10:42:22 henrikpc systemd[1]: Mounted dev-hugepages.mount - Huge Pages File System.
Dec 06 10:42:22 henrikpc systemd[1]: Mounted dev-mqueue.mount - POSIX Message Queue File System.
Dec 06 10:42:22 henrikpc systemd[1]: Mounted sys-kernel-debug.mount - Kernel Debug File System.
Dec 06 10:42:22 henrikpc systemd[1]: Mounted sys-kernel-tracing.mount - Kernel Trace File System.
Dec 06 10:42:22 henrikpc systemd[1]: Finished kmod-static-nodes.service - Create List of Static Device Nodes.
Dec 06 10:42:22 henrikpc systemd[1]: modprobe@configfs.service: Deactivated successfully.
Dec 06 10:42:22 henrikpc systemd[1]: Finished modprobe@configfs.service - Load Kernel Module configfs.
Dec 06 10:42:22 henrikpc systemd[1]: modprobe@dm_mod.service: Deactivated successfully.
Dec 06 10:42:22 henrikpc systemd[1]: Finished modprobe@dm_mod.service - Load Kernel Module dm_mod.
Dec 06 10:42:22 henrikpc kernel: BTRFS info (device nvme0n1p3 state M): use zstd compression, level 1
Dec 06 10:42:22 henrikpc systemd[1]: modprobe@drm.service: Deactivated successfully.
Dec 06 10:42:22 henrikpc systemd[1]: Finished modprobe@drm.service - Load Kernel Module drm.
Dec 06 10:42:22 henrikpc systemd[1]: modprobe@efi_pstore.service: Deactivated successfully.
Dec 06 10:42:22 henrikpc systemd[1]: Finished modprobe@efi_pstore.service - Load Kernel Module efi_pstore.
Dec 06 10:42:22 henrikpc systemd[1]: modprobe@fuse.service: Deactivated successfully.
Dec 06 10:42:22 henrikpc systemd[1]: Finished modprobe@fuse.service - Load Kernel Module fuse.
Dec 06 10:42:22 henrikpc systemd[1]: modprobe@loop.service: Deactivated successfully.
Dec 06 10:42:22 henrikpc systemd[1]: Finished modprobe@loop.service - Load Kernel Module loop.
Dec 06 10:42:22 henrikpc systemd[1]: Finished systemd-modules-load.service - Load Kernel Modules.
Dec 06 10:42:22 henrikpc systemd[1]: Finished systemd-remount-fs.service - Remount Root and Kernel File Systems.
Dec 06 10:42:22 henrikpc systemd[1]: Mounting sys-fs-fuse-connections.mount - FUSE Control File System...
Dec 06 10:42:22 henrikpc systemd[1]: iscsi-onboot.service - Special handling of early boot iSCSI sessions was skipped because of an unmet condition check (ConditionDirectoryNotEmpty=/sys/class/iscsi_session).
Dec 06 10:42:22 henrikpc systemd[1]: systemd-hwdb-update.service - Rebuild Hardware Database was skipped because of an unmet condition check (ConditionNeedsUpdate=/etc).
Dec 06 10:42:22 henrikpc systemd[1]: systemd-pstore.service - Platform Persistent Storage Archival was skipped because of an unmet condition check (ConditionDirectoryNotEmpty=/sys/fs/pstore).
Dec 06 10:42:22 henrikpc systemd[1]: Starting systemd-random-seed.service - Load/Save OS Random Seed...
Dec 06 10:42:22 henrikpc systemd[1]: systemd-repart.service - Repartition Root Disk was skipped because no trigger condition checks were met.
Dec 06 10:42:22 henrikpc systemd[1]: Starting systemd-sysctl.service - Apply Kernel Variables...
Dec 06 10:42:22 henrikpc systemd[1]: Starting systemd-tmpfiles-setup-dev-early.service - Create Static Device Nodes in /dev gracefully...
Dec 06 10:42:22 henrikpc systemd[1]: systemd-tpm2-setup.service - TPM SRK Setup was skipped because of an unmet condition check (ConditionSecurity=measured-uki).
Dec 06 10:42:22 henrikpc systemd-journald[647]: Collecting audit messages is enabled.
Dec 06 10:42:22 henrikpc systemd[1]: Finished systemd-udev-load-credentials.service - Load udev Rules from Credentials.
Dec 06 10:42:22 henrikpc kernel: audit: type=1130 audit(1765014142.000:4): pid=1 uid=0 auid=4294967295 ses=4294967295 subj=system_u:system_r:init_t:s0 msg='unit=systemd-udev-load-credentials comm="systemd" exe="/usr/lib/systemd/systemd" hostname=? addr=? terminal=? res=success'
